Component: ARM Compiler 5.06 update 7 (build 960) Tool: armlink [4d3601]

==============================================================================

Section Cross References

    main.o(i.TTCAN_task) refers to nodes.o(i.Node0) for Node0
    main.o(i.TTCAN_task) refers to nodes.o(i.Node1) for Node1
    main.o(i.TTCAN_task) refers to nodes.o(i.Node2) for Node2
    main.o(i.Task2) refers to tasks.o(i.uxTaskGetStackHighWaterMark) for uxTaskGetStackHighWaterMark
    main.o(i.Task2) refers to tasks.o(i.vTaskDelay) for vTaskDelay
    main.o(i.Task2) refers to main.o(.data) for Task2Task_Handler
    main.o(i.Task3) refers to tasks.o(i.vTaskDelay) for vTaskDelay
    main.o(i.main) refers to delay.o(i.delay_init) for delay_init
    main.o(i.main) refers to led.o(i.LED_Init) for LED_Init
    main.o(i.main) refers to usart.o(i.uart_init) for uart_init
    main.o(i.main) refers to ttcan.o(i.arb_start_sending) for arb_start_sending
    main.o(i.main) refers to timer.o(i.TIM1_Int_Init) for TIM1_Int_Init
    main.o(i.main) refers to misc.o(i.NVIC_PriorityGroupConfig) for NVIC_PriorityGroupConfig
    main.o(i.main) refers to trcsnapshotrecorder.o(i.xTraceEnable) for xTraceEnable
    main.o(i.main) refers to tasks.o(i.xTaskCreate) for xTaskCreate
    main.o(i.main) refers to tasks.o(i.vTaskStartScheduler) for vTaskStartScheduler
    main.o(i.main) refers to main.o(.data) for StartTask_Handler
    main.o(i.main) refers to main.o(i.start_task) for start_task
    main.o(i.start_task) refers to port.o(i.vPortEnterCritical) for vPortEnterCritical
    main.o(i.start_task) refers to tasks.o(i.xTaskCreate) for xTaskCreate
    main.o(i.start_task) refers to tasks.o(i.vTaskDelete) for vTaskDelete
    main.o(i.start_task) refers to port.o(i.vPortExitCritical) for vPortExitCritical
    main.o(i.start_task) refers to main.o(.data) for TTCANTask_Handler
    main.o(i.start_task) refers to main.o(i.TTCAN_task) for TTCAN_task
    main.o(i.start_task) refers to main.o(i.Task2) for Task2
    main.o(i.start_task) refers to main.o(i.Task3) for Task3
    stm32f10x_it.o(i.CAN1_RX1_IRQHandler) refers to stm32f10x_can.o(i.CAN_Receive) for CAN_Receive
    stm32f10x_it.o(i.CAN1_RX1_IRQHandler) refers to stm32f10x_can.o(i.CAN_ClearITPendingBit) for CAN_ClearITPendingBit
    stm32f10x_it.o(i.CAN1_RX1_IRQHandler) refers to stm32f10x_it.o(.data) for CANRx_ID
    stm32f10x_it.o(i.USB_LP_CAN1_RX0_IRQHandler) refers to stm32f10x_can.o(i.CAN_Receive) for CAN_Receive
    stm32f10x_it.o(i.USB_LP_CAN1_RX0_IRQHandler) refers to stm32f10x_can.o(i.CAN_ClearITPendingBit) for CAN_ClearITPendingBit
    stm32f10x_it.o(i.USB_LP_CAN1_RX0_IRQHandler) refers to stm32f10x_it.o(.data) for CANSM_ID
    stm32f10x_flash.o(i.FLASH_EnableWriteProtection) refers to stm32f10x_flash.o(i.FLASH_WaitForLastOperation) for FLASH_WaitForLastOperation
    stm32f10x_flash.o(i.FLASH_EraseAllBank1Pages) refers to stm32f10x_flash.o(i.FLASH_WaitForLastBank1Operation) for FLASH_WaitForLastBank1Operation
    stm32f10x_flash.o(i.FLASH_EraseAllPages) refers to stm32f10x_flash.o(i.FLASH_WaitForLastOperation) for FLASH_WaitForLastOperation
    stm32f10x_flash.o(i.FLASH_EraseOptionBytes) refers to stm32f10x_flash.o(i.FLASH_GetReadOutProtectionStatus) for FLASH_GetReadOutProtectionStatus
    stm32f10x_flash.o(i.FLASH_EraseOptionBytes) refers to stm32f10x_flash.o(i.FLASH_WaitForLastOperation) for FLASH_WaitForLastOperation
    stm32f10x_flash.o(i.FLASH_ErasePage) refers to stm32f10x_flash.o(i.FLASH_WaitForLastOperation) for FLASH_WaitForLastOperation
    stm32f10x_flash.o(i.FLASH_ProgramHalfWord) refers to stm32f10x_flash.o(i.FLASH_WaitForLastOperation) for FLASH_WaitForLastOperation
    stm32f10x_flash.o(i.FLASH_ProgramOptionByteData) refers to stm32f10x_flash.o(i.FLASH_WaitForLastOperation) for FLASH_WaitForLastOperation
    stm32f10x_flash.o(i.FLASH_ProgramWord) refers to stm32f10x_flash.o(i.FLASH_WaitForLastOperation) for FLASH_WaitForLastOperation
    stm32f10x_flash.o(i.FLASH_ReadOutProtection) refers to stm32f10x_flash.o(i.FLASH_WaitForLastOperation) for FLASH_WaitForLastOperation
    stm32f10x_flash.o(i.FLASH_UserOptionByteConfig) refers to stm32f10x_flash.o(i.FLASH_WaitForLastOperation) for FLASH_WaitForLastOperation
    stm32f10x_flash.o(i.FLASH_WaitForLastBank1Operation) refers to stm32f10x_flash.o(i.FLASH_GetBank1Status) for FLASH_GetBank1Status
    stm32f10x_flash.o(i.FLASH_WaitForLastOperation) refers to stm32f10x_flash.o(i.FLASH_GetBank1Status) for FLASH_GetBank1Status
    stm32f10x_gpio.o(i.GPIO_AFIODeInit) refers to stm32f10x_rcc.o(i.RCC_APB2PeriphResetCmd) for RCC_APB2PeriphResetCmd
    stm32f10x_gpio.o(i.GPIO_DeInit) refers to stm32f10x_rcc.o(i.RCC_APB2PeriphResetCmd) for RCC_APB2PeriphResetCmd
    stm32f10x_rcc.o(i.RCC_GetClocksFreq) refers to stm32f10x_rcc.o(.data) for APBAHBPrescTable
    stm32f10x_rcc.o(i.RCC_WaitForHSEStartUp) refers to stm32f10x_rcc.o(i.RCC_GetFlagStatus) for RCC_GetFlagStatus
[...]
    __aeabi_fmul                             0x0800031b   Thumb Code   100  fmul.o(.text)
    __aeabi_dadd                             0x0800037f   Thumb Code   322  dadd.o(.text)
    __aeabi_dsub                             0x080004c1   Thumb Code     6  dadd.o(.text)
    __aeabi_drsub                            0x080004c7   Thumb Code     6  dadd.o(.text)
    __aeabi_dmul                             0x080004cd   Thumb Code   228  dmul.o(.text)
    __aeabi_ddiv                             0x080005b1   Thumb Code   222  ddiv.o(.text)
    __aeabi_i2f                              0x0800068f   Thumb Code    18  fflti.o(.text)
    __aeabi_i2d                              0x080006a1   Thumb Code    34  dflti.o(.text)
    __aeabi_f2iz                             0x080006c3   Thumb Code    50  ffixi.o(.text)
    __aeabi_f2uiz                            0x080006f5   Thumb Code    40  ffixui.o(.text)
    __aeabi_d2iz                             0x0800071d   Thumb Code    62  dfixi.o(.text)
    __aeabi_d2uiz                            0x0800075b   Thumb Code    50  dfixui.o(.text)
    __aeabi_f2d                              0x0800078d   Thumb Code    38  f2d.o(.text)
    __aeabi_cdcmpeq                          0x080007b5   Thumb Code     0  cdcmple.o(.text)
    __aeabi_cdcmple                          0x080007b5   Thumb Code    48  cdcmple.o(.text)
    __aeabi_cdrcmple                         0x080007e5   Thumb Code    48  cdrcmple.o(.text)
    __aeabi_d2f                              0x08000815   Thumb Code    56  d2f.o(.text)
    __aeabi_cfcmpeq                          0x0800084d   Thumb Code     0  cfcmple.o(.text)
    __aeabi_cfcmple                          0x0800084d   Thumb Code    20  cfcmple.o(.text)
    __aeabi_cfrcmple                         0x08000861   Thumb Code    20  cfrcmple.o(.text)
    __aeabi_uidiv                            0x08000875   Thumb Code     0  uidiv.o(.text)
    __aeabi_uidivmod                         0x08000875   Thumb Code    44  uidiv.o(.text)
    __aeabi_uldivmod                         0x080008a1   Thumb Code    98  uldiv.o(.text)
    __aeabi_llsl                             0x08000903   Thumb Code    30  llshl.o(.text)
    _ll_shift_l                              0x08000903   Thumb Code     0  llshl.o(.text)
    __aeabi_llsr                             0x08000921   Thumb Code    32  llushr.o(.text)
    _ll_ushift_r                             0x08000921   Thumb Code     0  llushr.o(.text)
    __aeabi_lasr                             0x08000941   Thumb Code    36  llsshr.o(.text)
    _ll_sshift_r                             0x08000941   Thumb Code     0  llsshr.o(.text)
    __I$use$fp                               0x08000965   Thumb Code     0  iusefp.o(.text)
    _float_round                             0x08000965   Thumb Code    18  fepilogue.o(.text)
    _float_epilogue                          0x08000977   Thumb Code    92  fepilogue.o(.text)
    _double_round                            0x080009d3   Thumb Code    30  depilogue.o(.text)
    _double_epilogue                         0x080009f1   Thumb Code   156  depilogue.o(.text)
    __ARM_scalbn                             0x08000a8d   Thumb Code    46  dscalb.o(.text)
    scalbn                                   0x08000a8d   Thumb Code     0  dscalb.o(.text)
    _dsqrt                                   0x08000abb   Thumb Code   162  dsqrt.o(.text)
    __aeabi_d2ulz                            0x08000b5d   Thumb Code    48  dfixul.o(.text)
    __scatterload                            0x08000b8d   Thumb Code    28  init.o(.text)
    __scatterload_rt2                        0x08000b8d   Thumb Code     0  init.o(.text)
    __decompress                             0x08000bb1   Thumb Code     0  __dczerorl2.o(.text)
    __decompress1                            0x08000bb1   Thumb Code    86  __dczerorl2.o(.text)
    ArraySum                                 0x08000c07   Thumb Code    26  ttcan.o(i.ArraySum)
    BusFault_Handler                         0x08000c21   Thumb Code     4  stm32f10x_it.o(i.BusFault_Handler)
    CAN1_RX1_IRQHandler                      0x08000c25   Thumb Code    62  stm32f10x_it.o(i.CAN1_RX1_IRQHandler)
    CAN_ClearITPendingBit                    0x08000c7d   Thumb Code   162  stm32f10x_can.o(i.CAN_ClearITPendingBit)
    CAN_Configuration                        0x08000d25   Thumb Code    28  can_config.o(i.CAN_Configuration)
    CAN_DeInit                               0x08000d41   Thumb Code    50  stm32f10x_can.o(i.CAN_DeInit)
    CAN_FIFORelease                          0x08000d79   Thumb Code    22  stm32f10x_can.o(i.CAN_FIFORelease)
    CAN_FilterInit                           0x08000d91   Thumb Code   258  stm32f10x_can.o(i.CAN_FilterInit)
    CAN_ITConfig                             0x08000e99   Thumb Code    18  stm32f10x_can.o(i.CAN_ITConfig)
    CAN_Init                                 0x08000eab   Thumb Code   276  stm32f10x_can.o(i.CAN_Init)
    CAN_Receive                              0x08000fbf   Thumb Code   254  stm32f10x_can.o(i.CAN_Receive)
    CAN_StructInit                           0x080010bd   Thumb Code    32  stm32f10x_can.o(i.CAN_StructInit)
    CAN_Transmit                             0x080010dd   Thumb Code   318  stm32f10x_can.o(i.CAN_Transmit)
    CAN_TransmitStatus                       0x0800121b   Thumb Code   142  stm32f10x_can.o(i.CAN_TransmitStatus)
    CAN__Master_Configuration                0x080012a9   Thumb Code   160  can_config.o(i.CAN__Master_Configuration)
    CanFilter_0_Configure                    0x0800134d   Thumb Code    74  can_config.o(i.CanFilter_0_Configure)
    CanFilter_1_Configure                    0x0800139d   Thumb Code    76  can_config.o(i.CanFilter_1_Configure)
    CanInit                                  0x080013ed   Thumb Code    88  can_config.o(i.CanInit)
    ConfigureTimeForRunTimeStats             0x08001449   Thumb Code    10  timer.o(i.ConfigureTimeForRunTimeStats)
    DebugMon_Handler                         0x08001459   Thumb Code     2  stm32f10x_it.o(i.DebugMon_Handler)
    GPIO_Configuration                       0x0800145d   Thumb Code    96  usart.o(i.GPIO_Configuration)
    GPIO_Init                                0x080014c5   Thumb Code   278  stm32f10x_gpio.o(i.GPIO_Init)
    GPIO_ResetBits                           0x080015db   Thumb Code     4  stm32f10x_gpio.o(i.GPIO_ResetBits)
    GPIO_SetBits                             0x080015df   Thumb Code     4  stm32f10x_gpio.o(i.GPIO_SetBits)
    GPIO_StructInit                          0x080015e3   Thumb Code    16  stm32f10x_gpio.o(i.GPIO_StructInit)
    HardFault_Handler                        0x080015f3   Thumb Code     4  stm32f10x_it.o(i.HardFault_Handler)
    LED_Init                                 0x080015f9   Thumb Code   120  led.o(i.LED_Init)
    MemManage_Handler                        0x08001681   Thumb Code     4  stm32f10x_it.o(i.MemManage_Handler)
    MesTransmitTime                          0x08001685   Thumb Code    44  ttcan.o(i.MesTransmitTime)
    NMI_Handler                              0x080016b5   Thumb Code     2  stm32f10x_it.o(i.NMI_Handler)
    NVIC0_Configuration                      0x080016b7   Thumb Code    40  usart.o(i.NVIC0_Configuration)
    NVIC1_Configuration                      0x080016df   Thumb Code    40  usart.o(i.NVIC1_Configuration)
    NVIC_Init                                0x08001709   Thumb Code   100  misc.o(i.NVIC_Init)
    NVIC_PriorityGroupConfig                 0x08001779   Thumb Code    10  misc.o(i.NVIC_PriorityGroupConfig)
    Node0                                    0x0800178d   Thumb Code   266  nodes.o(i.Node0)
    Node1                                    0x08001925   Thumb Code   866  nodes.o(i.Node1)
    Node2                                    0x08001e39   Thumb Code   828  nodes.o(i.Node2)
    NodeMesTransmit                          0x080022d9   Thumb Code    94  can_config.o(i.NodeMesTransmit)
    RCC_APB1PeriphClockCmd                   0x08002359   Thumb Code    26  stm32f10x_rcc.o(i.RCC_APB1PeriphClockCmd)
    RCC_APB1PeriphResetCmd                   0x08002379   Thumb Code    26  stm32f10x_rcc.o(i.RCC_APB1PeriphResetCmd)
    RCC_APB2PeriphClockCmd                   0x08002399   Thumb Code    26  stm32f10x_rcc.o(i.RCC_APB2PeriphClockCmd)
    RCC_GetClocksFreq                        0x080023b9   Thumb Code   192  stm32f10x_rcc.o(i.RCC_GetClocksFreq)
    ReiceiveSM                               0x0800248d   Thumb Code   140  ttcan.o(i.ReiceiveSM)
    SOS_ID                                   0x08002555   Thumb Code   210  ttcan.o(i.SOS_ID)
    SendMatrix                               0x0800264d   Thumb Code   192  ttcan.o(i.SendMatrix)
    SendRef                                  0x08002769   Thumb Code   148  can_config.o(i.SendRef)
    SysTick_CLKSourceConfig                  0x08002905   Thumb Code    40  misc.o(i.SysTick_CLKSourceConfig)
    SysTick_Handler                          0x0800292d   Thumb Code    16  delay.o(i.SysTick_Handler)
    SystemInit                               0x0800293d   Thumb Code    78  system_stm32f10x.o(i.SystemInit)
    TIM1_Int_Init                            0x08002bdd   Thumb Code   100  timer.o(i.TIM1_Int_Init)
    TIM1_UP_IRQHandler                       0x08002c45   Thumb Code    44  timer.o(i.TIM1_UP_IRQHandler)
    TIM2_IRQHandler                          0x08002cad   Thumb Code    54  timer.o(i.TIM2_IRQHandler)
    TIM2_Int_Init                            0x08002cf5   Thumb Code   100  timer.o(i.TIM2_Int_Init)
    TIM3_IRQHandler                          0x08002d59   Thumb Code    86  timer.o(i.TIM3_IRQHandler)
    TIM3_Int_Init                            0x08002df1   Thumb Code    96  timer.o(i.TIM3_Int_Init)
    TIM4_EncoderMode_Config                  0x08002e55   Thumb Code   176  timer.o(i.TIM4_EncoderMode_Config)
    TIM4_IRQHandler                          0x08002f0d   Thumb Code    50  timer.o(i.TIM4_IRQHandler)
    TIM4_PWM_Init                            0x08002f5d   Thumb Code   126  timer.o(i.TIM4_PWM_Init)
    TIM_ClearITPendingBit                    0x08002fe5   Thumb Code     6  stm32f10x_tim.o(i.TIM_ClearITPendingBit)
    TIM_Cmd                                  0x08002feb   Thumb Code    24  stm32f10x_tim.o(i.TIM_Cmd)
    TIM_EncoderInterfaceConfig               0x08003003   Thumb Code    66  stm32f10x_tim.o(i.TIM_EncoderInterfaceConfig)
    TIM_GetITStatus                          0x08003045   Thumb Code    34  stm32f10x_tim.o(i.TIM_GetITStatus)
    TIM_ICInit                               0x08003069   Thumb Code   150  stm32f10x_tim.o(i.TIM_ICInit)
    TIM_ICStructInit                         0x08003115   Thumb Code    18  stm32f10x_tim.o(i.TIM_ICStructInit)
    TIM_ITConfig                             0x08003127   Thumb Code    18  stm32f10x_tim.o(i.TIM_ITConfig)
    TIM_OC2Init                              0x08003139   Thumb Code   154  stm32f10x_tim.o(i.TIM_OC2Init)
    TIM_OC2PreloadConfig                     0x080031dd   Thumb Code    26  stm32f10x_tim.o(i.TIM_OC2PreloadConfig)
    TIM_SetCounter                           0x080031f7   Thumb Code     4  stm32f10x_tim.o(i.TIM_SetCounter)
    TIM_SetIC1Prescaler                      0x080031fb   Thumb Code    18  stm32f10x_tim.o(i.TIM_SetIC1Prescaler)
    TIM_SetIC2Prescaler                      0x0800320d   Thumb Code    26  stm32f10x_tim.o(i.TIM_SetIC2Prescaler)
    TIM_SetIC3Prescaler                      0x08003227   Thumb Code    18  stm32f10x_tim.o(i.TIM_SetIC3Prescaler)
    TIM_SetIC4Prescaler                      0x08003239   Thumb Code    26  stm32f10x_tim.o(i.TIM_SetIC4Prescaler)
    TIM_TimeBaseInit                         0x08003255   Thumb Code   122  stm32f10x_tim.o(i.TIM_TimeBaseInit)
    TIM_TimeBaseStructInit                   0x080032f9   Thumb Code    18  stm32f10x_tim.o(i.TIM_TimeBaseStructInit)
    TSpeed                                   0x0800330d   Thumb Code   260  timer.o(i.TSpeed)
    TTCAN_task                               0x08003465   Thumb Code    42  main.o(i.TTCAN_task)
    Task2                                    0x08003491   Thumb Code    38  main.o(i.Task2)
    Task3                                    0x080034c1   Thumb Code    30  main.o(i.Task3)
    TimerSlotSet                             0x080034e5   Thumb Code    76  ttcan.o(i.TimerSlotSet)
    TriggerTimValAndTimes                    0x0800353d   Thumb Code   330  ttcan.o(i.TriggerTimValAndTimes)
    USART1_IRQHandler                        0x080036d1   Thumb Code   122  usart.o(i.USART1_IRQHandler)
    USART_Cmd                                0x08003759   Thumb Code    24  stm32f10x_usart.o(i.USART_Cmd)
    USART_GetITStatus                        0x08003771   Thumb Code    84  stm32f10x_usart.o(i.USART_GetITStatus)
    USART_ITConfig                           0x080037c5   Thumb Code    74  stm32f10x_usart.o(i.USART_ITConfig)
    USART_Init                               0x08003811   Thumb Code   210  stm32f10x_usart.o(i.USART_Init)
    USART_ReceiveData                        0x080038e9   Thumb Code    10  stm32f10x_usart.o(i.USART_ReceiveData)
    USB_LP_CAN1_RX0_IRQHandler               0x080038f5   Thumb Code   116  stm32f10x_it.o(i.USB_LP_CAN1_RX0_IRQHandler)
    UsageFault_Handler                       0x08003995   Thumb Code     4  stm32f10x_it.o(i.UsageFault_Handler)
    WheelSpeed                               0x08003999   Thumb Code   116  ttcan_mes.o(i.WheelSpeed)
    __0printf                                0x08003a25   Thumb Code    22  printfa.o(i.__0printf)
    __1printf                                0x08003a25   Thumb Code     0  printfa.o(i.__0printf)
    __2printf                                0x08003a25   Thumb Code     0  printfa.o(i.__0printf)
    __c89printf                              0x08003a25   Thumb Code     0  printfa.o(i.__0printf)
    printf                                   0x08003a25   Thumb Code     0  printfa.o(i.__0printf)
    __ARM_fpclassify                         0x08003a45   Thumb Code    40  fpclassify.o(i.__ARM_fpclassify)
    __kernel_poly                            0x08003a73   Thumb Code   170  poly.o(i.__kernel_poly)
    __mathlib_dbl_divzero                    0x08003b1d   Thumb Code    12  dunder.o(i.__mathlib_dbl_divzero)
    __mathlib_dbl_infnan2                    0x08003b2d   Thumb Code     4  dunder.o(i.__mathlib_dbl_infnan2)
    __mathlib_dbl_invalid                    0x08003b31   Thumb Code    12  dunder.o(i.__mathlib_dbl_invalid)
    __mathlib_dbl_overflow                   0x08003b3d   Thumb Code    14  dunder.o(i.__mathlib_dbl_overflow)
    __mathlib_dbl_underflow                  0x08003b4d   Thumb Code    10  dunder.o(i.__mathlib_dbl_underflow)
    __scatterload_copy                       0x08003b5d   Thumb Code    14  handlers.o(i.__scatterload_copy)
    __scatterload_null                       0x08003b6b   Thumb Code     2  handlers.o(i.__scatterload_null)
    __scatterload_zeroinit                   0x08003b6d   Thumb Code    14  handlers.o(i.__scatterload_zeroinit)
    __set_errno                              0x08003b81   Thumb Code     6  errno.o(i.__set_errno)
    arb_start_sending                        0x08004419   Thumb Code    78  ttcan.o(i.arb_start_sending)
    build_exclusive_arbitration_window       0x08004471   Thumb Code    26  ttcan.o(i.build_exclusive_arbitration_window)
    delay_init                               0x0800448d   Thumb Code    74  delay.o(i.delay_init)
    delay_ms                                 0x080044e9   Thumb Code    60  delay.o(i.delay_ms)
    delay_us                                 0x08004529   Thumb Code    68  delay.o(i.delay_us)
    find_BC_inPSA                            0x08004571   Thumb Code    70  ttcan.o(i.find_BC_inPSA)
    fputc                                    0x080045bd   Thumb Code    24  usart.o(i.fputc)
    last_column_is_arbitration               0x080045d9   Thumb Code    32  ttcan.o(i.last_column_is_arbitration)
    main                                     0x080045f9   Thumb Code    80  main.o(i.main)
    message1                                 0x0800465d   Thumb Code   164  ttcan_mes.o(i.message1)
    message2                                 0x0800473d   Thumb Code   172  ttcan_mes.o(i.message2)
    message3                                 0x08004825   Thumb Code   100  ttcan_mes.o(i.message3)
    message5                                 0x080048b9   Thumb Code   172  ttcan_mes.o(i.message5)
    message6                                 0x080049a1   Thumb Code   174  ttcan_mes.o(i.message6)
    pow                                      0x08004a8d   Thumb Code  2512  pow.o(i.pow)
    prvAddTaskToStackMonitor                 0x08005679   Thumb Code    62  trcsnapshotrecorder.o(i.prvAddTaskToStackMonitor)
    prvMarkObjectAsUsed                      0x08005ce9   Thumb Code    28  trcsnapshotrecorder.o(i.prvMarkObjectAsUsed)
    prvRemoveTaskFromStackMonitor            0x080060c1   Thumb Code    38  trcsnapshotrecorder.o(i.prvRemoveTaskFromStackMonitor)
    prvReportStackUsage                      0x080060ed   Thumb Code   146  trcsnapshotrecorder.o(i.prvReportStackUsage)
    prvTraceError                            0x080064ad   Thumb Code    60  trcsnapshotrecorder.o(i.prvTraceError)
    prvTraceFreeObjectHandle                 0x080064f1   Thumb Code    60  trcsnapshotrecorder.o(i.prvTraceFreeObjectHandle)
    prvTraceGetCurrentTaskHandle             0x08006581   Thumb Code     8  trckernelport.o(i.prvTraceGetCurrentTaskHandle)
    prvTraceGetObjectHandle                  0x080066f9   Thumb Code   192  trcsnapshotrecorder.o(i.prvTraceGetObjectHandle)
    prvTraceGetPriorityProperty              0x0800682d   Thumb Code    38  trcsnapshotrecorder.o(i.prvTraceGetPriorityProperty)
    prvTraceGetQueueNumber                   0x08006859   Thumb Code    12  trckernelport.o(i.prvTraceGetQueueNumber)
    prvTraceGetQueueNumberHigh16             0x08006865   Thumb Code    20  trckernelport.o(i.prvTraceGetQueueNumberHigh16)
    prvTraceGetQueueNumberLow16              0x08006879   Thumb Code    14  trckernelport.o(i.prvTraceGetQueueNumberLow16)
    prvTraceGetQueueType                     0x08006887   Thumb Code    12  trckernelport.o(i.prvTraceGetQueueType)
    prvTraceGetTaskNumberHigh16              0x08006893   Thumb Code    20  trckernelport.o(i.prvTraceGetTaskNumberHigh16)
    prvTraceGetTaskNumberLow16               0x080068a7   Thumb Code    14  trckernelport.o(i.prvTraceGetTaskNumberLow16)
    prvTracePortGetTimeStamp                 0x08006a31   Thumb Code    78  trcsnapshotrecorder.o(i.prvTracePortGetTimeStamp)
    prvTraceSetObjectName                    0x08006a95   Thumb Code   112  trcsnapshotrecorder.o(i.prvTraceSetObjectName)
    prvTraceSetObjectState                   0x08006b75   Thumb Code    38  trcsnapshotrecorder.o(i.prvTraceSetObjectState)
    prvTraceSetPriorityProperty              0x08006ba1   Thumb Code    40  trcsnapshotrecorder.o(i.prvTraceSetPriorityProperty)
    prvTraceSetQueueNumberHigh16             0x08006bcd   Thumb Code    28  trckernelport.o(i.prvTraceSetQueueNumberHigh16)
    prvTraceSetQueueNumberLow16              0x08006be9   Thumb Code    30  trckernelport.o(i.prvTraceSetQueueNumberLow16)
    prvTraceSetTaskInstanceFinished          0x08006c09   Thumb Code    36  trcsnapshotrecorder.o(i.prvTraceSetTaskInstanceFinished)
    prvTraceSetTaskNumberHigh16              0x08006c31   Thumb Code    28  trckernelport.o(i.prvTraceSetTaskNumberHigh16)
    prvTraceSetTaskNumberLow16               0x08006c4d   Thumb Code    30  trckernelport.o(i.prvTraceSetTaskNumberLow16)
    prvTraceStoreKernelCall                  0x08006d2d   Thumb Code   118  trcsnapshotrecorder.o(i.prvTraceStoreKernelCall)
    prvTraceStoreKernelCallWithNumericParamOnly 0x08006de9   Thumb Code   126  trcsnapshotrecorder.o(i.prvTraceStoreKernelCallWithNumericParamOnly)
    prvTraceStoreKernelCallWithParam         0x08006ead   Thumb Code   134  trcsnapshotrecorder.o(i.prvTraceStoreKernelCallWithParam)
    prvTraceStoreObjectNameOnCloseEvent      0x08006f79   Thumb Code    78  trcsnapshotrecorder.o(i.prvTraceStoreObjectNameOnCloseEvent)
    prvTraceStoreObjectPropertiesOnCloseEvent 0x08006fcd   Thumb Code   104  trcsnapshotrecorder.o(i.prvTraceStoreObjectPropertiesOnCloseEvent)
    prvTraceStoreTaskReady                   0x08007039   Thumb Code   116  trcsnapshotrecorder.o(i.prvTraceStoreTaskReady)
    prvTraceStoreTaskswitch                  0x080070f1   Thumb Code   138  trcsnapshotrecorder.o(i.prvTraceStoreTaskswitch)
    pszTraceGetErrorNotEnoughHandles         0x08007275   Thumb Code    60  trckernelport.o(i.pszTraceGetErrorNotEnoughHandles)
    pvPortMalloc                             0x08007305   Thumb Code   290  heap_4.o(i.pvPortMalloc)
    pvTaskIncrementMutexHeldCount            0x08007475   Thumb Code    26  tasks.o(i.pvTaskIncrementMutexHeldCount)
    pxPortInitialiseStack                    0x08007495   Thumb Code    30  port.o(i.pxPortInitialiseStack)
    sqrt                                     0x080074b9   Thumb Code    76  sqrt.o(i.sqrt)
    start_task                               0x08007505   Thumb Code    82  main.o(i.start_task)
    state_test                               0x080075a1   Thumb Code  1152  speed.o(i.state_test)
    uart_init                                0x08007a21   Thumb Code   152  usart.o(i.uart_init)
    ucQueueGetQueueType                      0x08007ac1   Thumb Code     8  queue.o(i.ucQueueGetQueueType)
    uiIndexOfObject                          0x08007ac9   Thumb Code    66  trcsnapshotrecorder.o(i.uiIndexOfObject)
    uxListRemove                             0x08007b51   Thumb Code    40  list.o(i.uxListRemove)
    uxQueueGetQueueNumber                    0x08007b79   Thumb Code     6  queue.o(i.uxQueueGetQueueNumber)
    uxTaskGetStackHighWaterMark              0x08007b81   Thumb Code    34  tasks.o(i.uxTaskGetStackHighWaterMark)
    uxTaskGetTaskNumber                      0x08007ba9   Thumb Code    14  tasks.o(i.uxTaskGetTaskNumber)
    vListInitialise                          0x08007bb7   Thumb Code    26  list.o(i.vListInitialise)
    vListInitialiseItem                      0x08007bd1   Thumb Code     6  list.o(i.vListInitialiseItem)
    vListInsert                              0x08007bd7   Thumb Code    52  list.o(i.vListInsert)
    vListInsertEnd                           0x08007c0b   Thumb Code    24  list.o(i.vListInsertEnd)
    vPortEnterCritical                       0x08007c25   Thumb Code    68  port.o(i.vPortEnterCritical)
    vPortExitCritical                        0x08007cad   Thumb Code    48  port.o(i.vPortExitCritical)
    vPortFree                                0x08007d1d   Thumb Code   132  heap_4.o(i.vPortFree)
    vPortSetupTimerInterrupt                 0x08007de1   Thumb Code    26  port.o(i.vPortSetupTimerInterrupt)
    vPortValidateInterruptPriority           0x08007e01   Thumb Code    86  port.o(i.vPortValidateInterruptPriority)
    vQueueAddToRegistry                      0x08007ea1   Thumb Code    76  queue.o(i.vQueueAddToRegistry)
    vQueueSetQueueNumber                     0x08007ef5   Thumb Code     4  queue.o(i.vQueueSetQueueNumber)
    vQueueWaitForMessageRestricted           0x08007ef9   Thumb Code    74  queue.o(i.vQueueWaitForMessageRestricted)
    vTaskDelay                               0x08007f45   Thumb Code   154  tasks.o(i.vTaskDelay)
    vTaskDelayUntil                          0x08008015   Thumb Code   250  tasks.o(i.vTaskDelayUntil)
    vTaskDelete                              0x08008149   Thumb Code   366  tasks.o(i.vTaskDelete)
    vTaskMissedYield                         0x08008309   Thumb Code     8  tasks.o(i.vTaskMissedYield)
    vTaskPlaceOnEventList                    0x08008315   Thumb Code    42  tasks.o(i.vTaskPlaceOnEventList)
    vTaskPlaceOnEventListRestricted          0x08008369   Thumb Code   134  tasks.o(i.vTaskPlaceOnEventListRestricted)
    vTaskPriorityInherit                     0x08008421   Thumb Code   280  tasks.o(i.vTaskPriorityInherit)
    vTaskSetTaskNumber                       0x08008549   Thumb Code     8  tasks.o(i.vTaskSetTaskNumber)
    vTaskSetTimeOutState                     0x08008551   Thumb Code    32  tasks.o(i.vTaskSetTimeOutState)
    vTaskStartScheduler                      0x0800859d   Thumb Code   112  tasks.o(i.vTaskStartScheduler)
    vTaskSuspendAll                          0x0800864d   Thumb Code    12  tasks.o(i.vTaskSuspendAll)
    vTaskSwitchContext                       0x0800865d   Thumb Code   210  tasks.o(i.vTaskSwitchContext)
    vTraceStoreMemMangEvent                  0x0800877d   Thumb Code   222  trcsnapshotrecorder.o(i.vTraceStoreMemMangEvent)
    xPortStartScheduler                      0x08008865   Thumb Code   140  port.o(i.xPortStartScheduler)
    xPortSysTickHandler                      0x08008905   Thumb Code    46  port.o(i.xPortSysTickHandler)
    xQueueGenericCreate                      0x08008939   Thumb Code    78  queue.o(i.xQueueGenericCreate)
    xQueueGenericReceive                     0x080089ad   Thumb Code  1348  queue.o(i.xQueueGenericReceive)
    xQueueGenericReset                       0x08008efd   Thumb Code   136  queue.o(i.xQueueGenericReset)
    xQueueGenericSend                        0x08008fad   Thumb Code   814  queue.o(i.xQueueGenericSend)
    xQueueGenericSendFromISR                 0x0800930d   Thumb Code   402  queue.o(i.xQueueGenericSendFromISR)
    xTaskCheckForTimeOut                     0x080094cd   Thumb Code   116  tasks.o(i.xTaskCheckForTimeOut)
    xTaskCreate                              0x0800956d   Thumb Code    96  tasks.o(i.xTaskCreate)
    xTaskGetCurrentTaskHandle                0x080095cd   Thumb Code     6  tasks.o(i.xTaskGetCurrentTaskHandle)
    xTaskGetSchedulerState                   0x080095d9   Thumb Code    24  tasks.o(i.xTaskGetSchedulerState)
    xTaskGetTickCount                        0x080095f9   Thumb Code     6  tasks.o(i.xTaskGetTickCount)
    xTaskIncrementTick                       0x08009605   Thumb Code   348  tasks.o(i.xTaskIncrementTick)
    xTaskPriorityDisinherit                  0x080097b9   Thumb Code   282  tasks.o(i.xTaskPriorityDisinherit)
    xTaskRemoveFromEventList                 0x08009909   Thumb Code   150  tasks.o(i.xTaskRemoveFromEventList)
    xTaskResumeAll                           0x080099e1   Thumb Code   242  tasks.o(i.xTaskResumeAll)
    xTimerCreateTimerTask                    0x08009b21   Thumb Code    56  timers.o(i.xTimerCreateTimerTask)
    xTimerGenericCommand                     0x08009b95   Thumb Code   364  timers.o(i.xTimerGenericCommand)
    xTraceDisable                            0x08009d31   Thumb Code    10  trcsnapshotrecorder.o(i.xTraceDisable)
    xTraceEnable                             0x08009d3d   Thumb Code    68  trcsnapshotrecorder.o(i.xTraceEnable)
    xTraceHardwarePortInitCortexM            0x08009e01   Thumb Code    76  trcsnapshotrecorder.o(i.xTraceHardwarePortInitCortexM)
    xTraceInitialize                         0x08009eb5   Thumb Code   566  trcsnapshotrecorder.o(i.xTraceInitialize)
    xTraceIsRecorderEnabled                  0x0800a12d   Thumb Code    26  trcsnapshotrecorder.o(i.xTraceIsRecorderEnabled)
    xTraceKernelPortEnable                   0x0800a151   Thumb Code    32  trckernelport.o(i.xTraceKernelPortEnable)
    xTraceKernelPortGetUnusedStack           0x0800a181   Thumb Code    18  trckernelport.o(i.xTraceKernelPortGetUnusedStack)
    xTraceKernelPortInitObjectHandleStack    0x0800a195   Thumb Code   142  trckernelport.o(i.xTraceKernelPortInitObjectHandleStack)
    xTraceKernelPortInitObjectPropertyTable  0x0800a229   Thumb Code   358  trckernelport.o(i.xTraceKernelPortInitObjectPropertyTable)
    xTraceKernelPortInitialize               0x0800a395   Thumb Code     6  trckernelport.o(i.xTraceKernelPortInitialize)
    __mathlib_zero                           0x0800a428   Data           8  qnan.o(.constdata)
    Region$$Table$$Base                      0x0800a9d4   Number         0  anon$$obj.o(Region$$Table)
    Region$$Table$$Limit                     0x0800a9f4   Number         0  anon$$obj.o(Region$$Table)
    StartTask_Handler                        0x20000000   Data           4  main.o(.data)
    TTCANTask_Handler                        0x20000004   Data           4  main.o(.data)
    Task2Task_Handler                        0x20000008   Data           4  main.o(.data)
    Task3Task_Handler                        0x2000000c   Data           4  main.o(.data)
    Arb_Win_pscValue                         0x20000010   Data           4  main.o(.data)
    CANSM_ID                                 0x20000014   Data           2  stm32f10x_it.o(.data)
    CanSMFlag                                0x20000016   Data           2  stm32f10x_it.o(.data)
    SOS_ISR_flag                             0x20000018   Data           2  stm32f10x_it.o(.data)
    SOS_ISR_Count                            0x2000001a   Data           1  stm32f10x_it.o(.data)
    Rx0_DATA0                                0x2000001b   Data           1  stm32f10x_it.o(.data)
    Rx0_DATA1                                0x2000001c   Data           1  stm32f10x_it.o(.data)
    Rx0_DATA2                                0x2000001d   Data           1  stm32f10x_it.o(.data)
    Rx0_DATA3                                0x2000001e   Data           1  stm32f10x_it.o(.data)
    Rx0_DATA4                                0x2000001f   Data           1  stm32f10x_it.o(.data)
    Rx0_DATA5                                0x20000020   Data           1  stm32f10x_it.o(.data)
    Rx0_DATA6                                0x20000021   Data           1  stm32f10x_it.o(.data)
    Rx0_DATA7                                0x20000022   Data           1  stm32f10x_it.o(.data)
    CanRefFlag                               0x20000024   Data           2  stm32f10x_it.o(.data)
    timeStamp                                0x20000026   Data           2  stm32f10x_it.o(.data)
    TimeStampRx1                             0x20000028   Data           2  stm32f10x_it.o(.data)
    Rx1_DATA0                                0x2000002a   Data           1  stm32f10x_it.o(.data)
    Rx1_DATA1                                0x2000002b   Data           1  stm32f10x_it.o(.data)
    Rx1_DATA2                                0x2000002c   Data           1  stm32f10x_it.o(.data)
    Rx1_DATA3                                0x2000002d   Data           1  stm32f10x_it.o(.data)
    Rx1_DATA4                                0x2000002e   Data           1  stm32f10x_it.o(.data)
    Rx1_DATA5                                0x2000002f   Data           1  stm32f10x_it.o(.data)
    Rx1_DATA6                                0x20000030   Data           1  stm32f10x_it.o(.data)
    Rx1_DATA7                                0x20000031   Data           1  stm32f10x_it.o(.data)
    CanRxFlag                                0x20000032   Data           1  stm32f10x_it.o(.data)
    CANRx_ID                                 0x20000034   Data           2  stm32f10x_it.o(.data)
    SystemCoreClock                          0x2000004c   Data           4  system_stm32f10x.o(.data)
    AHBPrescTable                            0x20000050   Data          16  system_stm32f10x.o(.data)
    __stdout                                 0x20000060   Data           4  usart.o(.data)
    USART_RX_STA                             0x20000064   Data           2  usart.o(.data)
    MasterNumBC                              0x20000068   Data           1  can_config.o(.data)
    MasterTimeTx                             0x20000070   Data           8  can_config.o(.data)
    MASTER_DATA0                             0x20000078   Data           1  can_config.o(.data)
    MASTER_DATA1                             0x20000079   Data           1  can_config.o(.data)
    MASTER_DATA2                             0x2000007a   Data           1  can_config.o(.data)
    MASTER_DATA3                             0x2000007b   Data           1  can_config.o(.data)
    MASTER_DATA4                             0x2000007c   Data           1  can_config.o(.data)
    MASTER_DATA5                             0x2000007d   Data           1  can_config.o(.data)
    MASTER_DATA6                             0x2000007e   Data           1  can_config.o(.data)
    MASTER_DATA7                             0x2000007f   Data           1  can_config.o(.data)
    CAN_DATA0                                0x20000080   Data           1  can_config.o(.data)
    CAN_DATA1                                0x20000081   Data           1  can_config.o(.data)
    CAN_DATA2                                0x20000082   Data           1  can_config.o(.data)
    CAN_DATA3                                0x20000083   Data           1  can_config.o(.data)
    CAN_DATA4                                0x20000084   Data           1  can_config.o(.data)
    CAN_DATA5                                0x20000085   Data           1  can_config.o(.data)
    CAN_DATA6                                0x20000086   Data           1  can_config.o(.data)
    CAN_DATA7                                0x20000087   Data           1  can_config.o(.data)
    NumHighFreq                              0x20000088   Data           4  timer.o(.data)
    rounds                                   0x2000008c   Data           4  timer.o(.data)
    FreeRTOSRunTimeTicks                     0x20000090   Data           8  timer.o(.data)
    mes_send_flag                            0x20000098   Data           2  timer.o(.data)
    Transmit_time_flag                       0x2000009a   Data           1  timer.o(.data)
    Mmethodflag                              0x2000009c   Data           2  timer.o(.data)
    SM_ID_Sent_Counter                       0x200000a0   Data           4  timer.o(.data)
    SM_ID_Sent_flag                          0x200000a4   Data           2  timer.o(.data)
    EncoderFlag                              0x200000a8   Data           4  timer.o(.data)
    TspeedVal                                0x200000ac   Data           4  timer.o(.data)
    NumOfSlot_flag                           0x200000b0   Data           2  ttcan.o(.data)
    Slot_ISR_Timer                           0x200000b2   Data           2  ttcan.o(.data)
    node_time                                0x200000b8   Data           8  ttcan.o(.data)
    timeTx                                   0x200000c0   Data           8  ttcan.o(.data)
    NumBC                                    0x200000c8   Data           2  ttcan.o(.data)
    TimerArray                               0x200000ca   Data           4  ttcan.o(.data)
    Node1MesIDList                           0x200000ce   Data           6  ttcan.o(.data)
    Node2MesIDList                           0x200000d4   Data           6  ttcan.o(.data)
    mes_id                                   0x200000da   Data          24  ttcan.o(.data)
    Mes_list                                 0x200000f4   Data          72  ttcan.o(.data)
    finalTimerValue                          0x2000013c   Data           6  ttcan.o(.data)
    selected_ID                              0x20000142   Data           2  ttcan.o(.data)
    TimerArrayLocation                       0x20000144   Data           4  ttcan.o(.data)
    finalTimerArrayShift_Nonzero             0x20000148   Data           4  ttcan.o(.data)
    finalTimerArrayShift_zero                0x2000014c   Data           4  ttcan.o(.data)
    IDsInOneBC_shift_Nonzero                 0x20000150   Data           4  ttcan.o(.data)
    IDsInOneBC_shift_zero                    0x20000154   Data           4  ttcan.o(.data)
    Locationjump                             0x20000158   Data           4  ttcan.o(.data)
    tempMesLocation_y                        0x2000015c   Data           4  ttcan.o(.data)
    everyBCmesTimes                          0x20000160   Data           2  ttcan.o(.data)
    Mes1_TimeTx                              0x20000168   Data           8  ttcan_mes.o(.data)
    Mes2_TimeTx                              0x20000170   Data           8  ttcan_mes.o(.data)
    Mes3_TimeTx                              0x20000178   Data           8  ttcan_mes.o(.data)
    Mes4_TimeTx                              0x20000180   Data           8  ttcan_mes.o(.data)
    Mes5_TimeTx                              0x20000188   Data           8  ttcan_mes.o(.data)
    Mes6_TimeTx                              0x20000190   Data           8  ttcan_mes.o(.data)
    increase_flag                            0x20000198   Data           1  ttcan_mes.o(.data)
    sm_id_nonzero_flag                       0x2000019c   Data           4  nodes.o(.data)
    MES1_DATA0                               0x200001a0   Data           1  nodes.o(.data)
    MES1_DATA1                               0x200001a1   Data           1  nodes.o(.data)
    MES1_DATA2                               0x200001a2   Data           1  nodes.o(.data)
    MES1_DATA3                               0x200001a3   Data           1  nodes.o(.data)
    MES1_DATA4                               0x200001a4   Data           1  nodes.o(.data)
    MES1_DATA5                               0x200001a5   Data           1  nodes.o(.data)
    MES1_DATA6                               0x200001a6   Data           1  nodes.o(.data)
    MES1_DATA7                               0x200001a7   Data           1  nodes.o(.data)
    MES2_DATA0                               0x200001a8   Data           1  nodes.o(.data)
    MES2_DATA1                               0x200001a9   Data           1  nodes.o(.data)
    MES2_DATA2                               0x200001aa   Data           1  nodes.o(.data)
    MES2_DATA3                               0x200001ab   Data           1  nodes.o(.data)
    MES2_DATA4                               0x200001ac   Data           1  nodes.o(.data)
    MES2_DATA5                               0x200001ad   Data           1  nodes.o(.data)
    MES2_DATA6                               0x200001ae   Data           1  nodes.o(.data)
    MES2_DATA7                               0x200001af   Data           1  nodes.o(.data)
    MES3_DATA0                               0x200001b0   Data           1  nodes.o(.data)
    MES3_DATA1                               0x200001b1   Data           1  nodes.o(.data)
    MES3_DATA2                               0x200001b2   Data           1  nodes.o(.data)
    MES3_DATA3                               0x200001b3   Data           1  nodes.o(.data)
    MES3_DATA4                               0x200001b4   Data           1  nodes.o(.data)
    MES3_DATA5                               0x200001b5   Data           1  nodes.o(.data)
    MES3_DATA6                               0x200001b6   Data           1  nodes.o(.data)
    MES3_DATA7                               0x200001b7   Data           1  nodes.o(.data)
    MES4_DATA0                               0x200001b8   Data           1  nodes.o(.data)
    MES4_DATA1                               0x200001b9   Data           1  nodes.o(.data)
    MES4_DATA2                               0x200001ba   Data           1  nodes.o(.data)
    MES4_DATA3                               0x200001bb   Data           1  nodes.o(.data)
    MES4_DATA4                               0x200001bc   Data           1  nodes.o(.data)
    MES4_DATA5                               0x200001bd   Data           1  nodes.o(.data)
    MES4_DATA6                               0x200001be   Data           1  nodes.o(.data)
    MES4_DATA7                               0x200001bf   Data           1  nodes.o(.data)
    MES5_DATA0                               0x200001c0   Data           1  nodes.o(.data)
    MES5_DATA1                               0x200001c1   Data           1  nodes.o(.data)
    MES5_DATA2                               0x200001c2   Data           1  nodes.o(.data)
    MES5_DATA3                               0x200001c3   Data           1  nodes.o(.data)
    MES5_DATA4                               0x200001c4   Data           1  nodes.o(.data)
    MES5_DATA5                               0x200001c5   Data           1  nodes.o(.data)
    MES5_DATA6                               0x200001c6   Data           1  nodes.o(.data)
    MES5_DATA7                               0x200001c7   Data           1  nodes.o(.data)
    MES6_DATA0                               0x200001c8   Data           1  nodes.o(.data)
    MES6_DATA1                               0x200001c9   Data           1  nodes.o(.data)
    MES6_DATA2                               0x200001ca   Data           1  nodes.o(.data)
    MES6_DATA3                               0x200001cb   Data           1  nodes.o(.data)
    MES6_DATA4                               0x200001cc   Data           1  nodes.o(.data)
    MES6_DATA5                               0x200001cd   Data           1  nodes.o(.data)
    MES6_DATA6                               0x200001ce   Data           1  nodes.o(.data)
    MES6_DATA7                               0x200001cf   Data           1  nodes.o(.data)
    MasterNodeFlag                           0x200001d0   Data           1  nodes.o(.data)
    temp_receive_id                          0x200001d2   Data           2  nodes.o(.data)
    first_mes_after_ref                      0x200001d4   Data           2  nodes.o(.data)
    temp_MesTranTime                         0x200001d6   Data           2  nodes.o(.data)
    temp_sos_ID                              0x200001d8   Data           2  nodes.o(.data)
    interrupt_sos_times                      0x200001da   Data           2  nodes.o(.data)
    temp                                     0x200001dc   Data           2  nodes.o(.data)
    SlaveNode1Flag                           0x200001de   Data           1  nodes.o(.data)
    SlaveNode2Flag                           0x200001df   Data           1  nodes.o(.data)
    MesTimesInBC                             0x200001e0   Data           4  nodes.o(.data)
    speedArray                               0x200001e4   Data           8  nodes.o(.data)
    VeloVar1                                 0x200001ec   Data           4  nodes.o(.data)
    VeloVar2                                 0x200001f0   Data           4  nodes.o(.data)
    DecelerateRate                           0x200001f4   Data           4  nodes.o(.data)
    VeloThreshold                            0x200001f8   Data           4  nodes.o(.data)
    Phase1                                   0x200001fc   Data           4  nodes.o(.data)
    Phase2                                   0x20000200   Data           4  nodes.o(.data)
    Decelerate                               0x20000204   Data           4  nodes.o(.data)
    Radian                                   0x20000208   Data           4  nodes.o(.data)
    Radius                                   0x2000020c   Data           4  nodes.o(.data)
    intermediate                             0x20000210   Data           4  nodes.o(.data)
    TarrValue                                0x20000214   Data           4  nodes.o(.data)
    TpscValue                                0x20000218   Data           4  nodes.o(.data)
    Pulse                                    0x2000021c   Data           4  nodes.o(.data)
    TMethodSpeed                             0x20000220   Data           4  nodes.o(.data)
    MarrValue                                0x20000224   Data           4  nodes.o(.data)
    MpscValue                                0x20000228   Data           4  nodes.o(.data)
    MMethodSpeed                             0x2000022c   Data           4  nodes.o(.data)
    miniPeriod                               0x20000230   Data           4  nodes.o(.data)
    threshold                                0x20000234   Data           4  nodes.o(.data)
    Veloarray                                0x20000238   Data           4  speed.o(.data)
    FillArrayTimes                           0x2000023c   Data           4  speed.o(.data)
    pxCurrentTCB                             0x20000244   Data           4  tasks.o(.data)
    uiInEventGroupSetBitsFromISR             0x200002c4   Data           4  trckernelport.o(.data)
    TraceQueueClassTable                     0x200002c8   Data           5  trckernelport.o(.data)
    xKernelPortDataBuffer                    0x200002d0   Data           4  trcsnapshotrecorder.o(.data)
    isPendingContextSwitch                   0x200002dc   Data           4  trcsnapshotrecorder.o(.data)
    uiTraceTickCount                         0x200002e4   Data           4  trcsnapshotrecorder.o(.data)
    trace_disable_timestamp                  0x200002e8   Data           4  trcsnapshotrecorder.o(.data)
    uiTraceSystemState                       0x200002f0   Data           4  trcsnapshotrecorder.o(.data)
    recorder_busy                            0x200002f4   Data           4  trcsnapshotrecorder.o(.data)
    timestampFrequency                       0x200002f8   Data           4  trcsnapshotrecorder.o(.data)
    nISRactive                               0x200002fc   Data           1  trcsnapshotrecorder.o(.data)
    handle_of_last_logged_task               0x200002fd   Data           1  trcsnapshotrecorder.o(.data)
    vTraceStopHookPtr                        0x20000300   Data           4  trcsnapshotrecorder.o(.data)
    init_hwtc_count                          0x20000304   Data           4  trcsnapshotrecorder.o(.data)
    CurrentFilterMask                        0x20000308   Data           2  trcsnapshotrecorder.o(.data)
    CurrentFilterGroup                       0x2000030a   Data           2  trcsnapshotrecorder.o(.data)
    traceErrorMessage                        0x2000030c   Data           4  trcsnapshotrecorder.o(.data)
    tasksNotIncluded                         0x20000310   Data           4  trcsnapshotrecorder.o(.data)
    RecorderDataPtr                          0x20000314   Data           4  trcsnapshotrecorder.o(.data)
    RecorderInitialized                      0x20000318   Data           4  trcsnapshotrecorder.o(.data)
    USART_RX_BUF                             0x2000033c   Data         200  usart.o(.bss)
    is_exclusive_window                      0x20000404   Data          24  ttcan.o(.bss)
    Received_mes_id                          0x2000041c   Data          24  ttcan.o(.bss)
    received_is_exclusive_window             0x20000434   Data          48  ttcan.o(.bss)
    mes_ids                                  0x20000464   Data          32  ttcan.o(.bss)
    IDsInOneBC                               0x20000484   Data          16  ttcan.o(.bss)
    tempMesLocation                          0x20000494   Data          96  ttcan.o(.bss)
    tempTimerValue                           0x200004f4   Data          12  ttcan.o(.bss)
    xQueueRegistry                           0x20000500   Data          64  queue.o(.bss)
    objectHandleStacks                       0x2000304c   Data         142  trcsnapshotrecorder.o(.bss)
    tasksInStackMonitor                      0x200030dc   Data          80  trcsnapshotrecorder.o(.bss)
    RecorderData                             0x2000312c   Data        6404  trcsnapshotrecorder.o(.bss)
    __initial_sp                             0x20004e30   Data           0  startup_stm32f10x_hd.o(STACK)



==============================================================================

Memory Map of the image

  Image Entry point : 0x08000131

  Load Region LR_IROM1 (Base: 0x08000000, Size: 0x0000ad30, Max: 0x00080000, ABSOLUTE, COMPRESSED[0x0000aa9c])

    Execution Region ER_IROM1 (Exec base: 0x08000000, Load base: 0x08000000, Size: 0x0000a9f4, Max: 0x00080000, ABSOLUTE)

    Exec Addr    Load Addr    Size         Type   Attr      Idx    E Section Name        Object

    0x08000000   0x08000000   0x00000130   Data   RO         3317    RESET               startup_stm32f10x_hd.o
    0x08000130   0x08000130   0x00000000   Code   RO         5514  * .ARM.Collect$$$$00000000  mc_w.l(entry.o)
    0x08000130   0x08000130   0x00000004   Code   RO         5843    .ARM.Collect$$$$00000001  mc_w.l(entry2.o)
    0x08000134   0x08000134   0x00000004   Code   RO         5846    .ARM.Collect$$$$00000004  mc_w.l(entry5.o)
    0x08000138   0x08000138   0x00000000   Code   RO         5848    .ARM.Collect$$$$00000008  mc_w.l(entry7b.o)
    0x08000138   0x08000138   0x00000000   Code   RO         5850    .ARM.Collect$$$$0000000A  mc_w.l(entry8b.o)
    0x08000138   0x08000138   0x00000008   Code   RO         5851    .ARM.Collect$$$$0000000B  mc_w.l(entry9a.o)
    0x08000140   0x08000140   0x00000004   Code   RO         5858    .ARM.Collect$$$$0000000E  mc_w.l(entry12b.o)
    0x08000144   0x08000144   0x00000000   Code   RO         5853    .ARM.Collect$$$$0000000F  mc_w.l(entry10a.o)
    0x08000144   0x08000144   0x00000000   Code   RO         5855    .ARM.Collect$$$$00000011  mc_w.l(entry11a.o)
    0x08000144   0x08000144   0x00000004   Code   RO         5844    .ARM.Collect$$$$00002712  mc_w.l(entry2.o)
    0x08000148   0x08000148   0x00000096   Code   RO         4766    .emb_text           port.o
    0x080001de   0x080001de   0x00000002   PAD
    0x080001e0   0x080001e0   0x00000024   Code   RO         3318    .text               startup_stm32f10x_hd.o
    0x08000204   0x08000204   0x00000024   Code   RO         5517    .text               mc_w.l(memcpya.o)
    0x08000228   0x08000228   0x00000024   Code   RO         5519    .text               mc_w.l(memseta.o)
    0x0800024c   0x0800024c   0x0000001e   Code   RO         5525    .text               mc_w.l(strncmp.o)
    0x0800026a   0x0800026a   0x000000b0   Code   RO         5790    .text               mf_w.l(fadd.o)
    0x0800031a   0x0800031a   0x00000064   Code   RO         5792    .text               mf_w.l(fmul.o)
    0x0800037e   0x0800037e   0x0000014e   Code   RO         5794    .text               mf_w.l(dadd.o)
    0x080004cc   0x080004cc   0x000000e4   Code   RO         5796    .text               mf_w.l(dmul.o)
    0x080005b0   0x080005b0   0x000000de   Code   RO         5798    .text               mf_w.l(ddiv.o)
    0x0800068e   0x0800068e   0x00000012   Code   RO         5800    .text               mf_w.l(fflti.o)
    0x080006a0   0x080006a0   0x00000022   Code   RO         5802    .text               mf_w.l(dflti.o)
    0x080006c2   0x080006c2   0x00000032   Code   RO         5804    .text               mf_w.l(ffixi.o)
    0x080006f4   0x080006f4   0x00000028   Code   RO         5806    .text               mf_w.l(ffixui.o)
    0x0800071c   0x0800071c   0x0000003e   Code   RO         5808    .text               mf_w.l(dfixi.o)
    0x0800075a   0x0800075a   0x00000032   Code   RO         5810    .text               mf_w.l(dfixui.o)
    0x0800078c   0x0800078c   0x00000026   Code   RO         5812    .text               mf_w.l(f2d.o)
    0x080007b2   0x080007b2   0x00000002   PAD
    0x080007b4   0x080007b4   0x00000030   Code   RO         5814    .text               mf_w.l(cdcmple.o)
    0x080007e4   0x080007e4   0x00000030   Code   RO         5816    .text               mf_w.l(cdrcmple.o)
    0x08000814   0x08000814   0x00000038   Code   RO         5818    .text               mf_w.l(d2f.o)
    0x0800084c   0x0800084c   0x00000014   Code   RO         5820    .text               mf_w.l(cfcmple.o)
    0x08000860   0x08000860   0x00000014   Code   RO         5822    .text               mf_w.l(cfrcmple.o)
    0x08000874   0x08000874   0x0000002c   Code   RO         5859    .text               mc_w.l(uidiv.o)
    0x080008a0   0x080008a0   0x00000062   Code   RO         5861    .text               mc_w.l(uldiv.o)
    0x08000902   0x08000902   0x0000001e   Code   RO         5863    .text               mc_w.l(llshl.o)
    0x08000920   0x08000920   0x00000020   Code   RO         5865    .text               mc_w.l(llushr.o)
    0x08000940   0x08000940   0x00000024   Code   RO         5867    .text               mc_w.l(llsshr.o)
    0x08000964   0x08000964   0x00000000   Code   RO         5876    .text               mc_w.l(iusefp.o)
    0x08000964   0x08000964   0x0000006e   Code   RO         5877    .text               mf_w.l(fepilogue.o)
    0x080009d2   0x080009d2   0x000000ba   Code   RO         5879    .text               mf_w.l(depilogue.o)
    0x08000a8c   0x08000a8c   0x0000002e   Code   RO         5881    .text               mf_w.l(dscalb.o)
    0x08000aba   0x08000aba   0x000000a2   Code   RO         5883    .text               mf_w.l(dsqrt.o)
    0x08000b5c   0x08000b5c   0x00000030   Code   RO         5885    .text               mf_w.l(dfixul.o)
    0x08000b8c   0x08000b8c   0x00000024   Code   RO         5887    .text               mc_w.l(init.o)
    0x08000bb0   0x08000bb0   0x00000056   Code   RO         5897    .text               mc_w.l(__dczerorl2.o)
    0x08000c06   0x08000c06   0x0000001a   Code   RO         3597    i.ArraySum          ttcan.o
    0x08000c20   0x08000c20   0x00000004   Code   RO          195    i.BusFault_Handler  stm32f10x_it.o
    0x08000c24   0x08000c24   0x00000058   Code   RO          196    i.CAN1_RX1_IRQHandler  stm32f10x_it.o
    0x08000c7c   0x08000c7c   0x000000a8   Code   RO         1135    i.CAN_ClearITPendingBit  stm32f10x_can.o
    0x08000d24   0x08000d24   0x0000001c   Code   RO         3402    i.CAN_Configuration  can_config.o
    0x08000d40   0x08000d40   0x00000038   Code   RO         1137    i.CAN_DeInit        stm32f10x_can.o
    0x08000d78   0x08000d78   0x00000016   Code   RO         1138    i.CAN_FIFORelease   stm32f10x_can.o
    0x08000d8e   0x08000d8e   0x00000002   PAD
    0x08000d90   0x08000d90   0x00000108   Code   RO         1139    i.CAN_FilterInit    stm32f10x_can.o
    0x08000e98   0x08000e98   0x00000012   Code   RO         1142    i.CAN_ITConfig      stm32f10x_can.o
    0x08000eaa   0x08000eaa   0x00000114   Code   RO         1143    i.CAN_Init          stm32f10x_can.o
    0x08000fbe   0x08000fbe   0x000000fe   Code   RO         1145    i.CAN_Receive       stm32f10x_can.o
    0x080010bc   0x080010bc   0x00000020   Code   RO         1148    i.CAN_StructInit    stm32f10x_can.o
    0x080010dc   0x080010dc   0x0000013e   Code   RO         1149    i.CAN_Transmit      stm32f10x_can.o
    0x0800121a   0x0800121a   0x0000008e   Code   RO         1150    i.CAN_TransmitStatus  stm32f10x_can.o
    0x080012a8   0x080012a8   0x000000a4   Code   RO         3403    i.CAN__Master_Configuration  can_config.o
    0x0800134c   0x0800134c   0x00000050   Code   RO         3404    i.CanFilter_0_Configure  can_config.o
    0x0800139c   0x0800139c   0x00000050   Code   RO         3405    i.CanFilter_1_Configure  can_config.o
    0x080013ec   0x080013ec   0x0000005c   Code   RO         3406    i.CanInit           can_config.o
    0x08001448   0x08001448   0x00000010   Code   RO         3457    i.ConfigureTimeForRunTimeStats  timer.o
    0x08001458   0x08001458   0x00000002   Code   RO          197    i.DebugMon_Handler  stm32f10x_it.o
    0x0800145a   0x0800145a   0x00000002   PAD
    0x0800145c   0x0800145c   0x00000068   Code   RO         3322    i.GPIO_Configuration  usart.o
    0x080014c4   0x080014c4   0x00000116   Code   RO          519    i.GPIO_Init         stm32f10x_gpio.o
    0x080015da   0x080015da   0x00000004   Code   RO          526    i.GPIO_ResetBits    stm32f10x_gpio.o
    0x080015de   0x080015de   0x00000004   Code   RO          527    i.GPIO_SetBits      stm32f10x_gpio.o
    0x080015e2   0x080015e2   0x00000010   Code   RO          528    i.GPIO_StructInit   stm32f10x_gpio.o
    0x080015f2   0x080015f2   0x00000004   Code   RO          198    i.HardFault_Handler  stm32f10x_it.o
    0x080015f6   0x080015f6   0x00000002   PAD
    0x080015f8   0x080015f8   0x00000088   Code   RO         3387    i.LED_Init          led.o
    0x08001680   0x08001680   0x00000004   Code   RO          199    i.MemManage_Handler  stm32f10x_it.o
    0x08001684   0x08001684   0x00000030   Code   RO         3599    i.MesTransmitTime   ttcan.o
    0x080016b4   0x080016b4   0x00000002   Code   RO          200    i.NMI_Handler       stm32f10x_it.o
    0x080016b6   0x080016b6   0x00000028   Code   RO         3323    i.NVIC0_Configuration  usart.o
    0x080016de   0x080016de   0x00000028   Code   RO         3324    i.NVIC1_Configuration  usart.o
    0x08001706   0x08001706   0x00000002   PAD
    0x08001708   0x08001708   0x00000070   Code   RO          303    i.NVIC_Init         misc.o
    0x08001778   0x08001778   0x00000014   Code   RO          304    i.NVIC_PriorityGroupConfig  misc.o
    0x0800178c   0x0800178c   0x00000198   Code   RO         3735    i.Node0             nodes.o
    0x08001924   0x08001924   0x00000514   Code   RO         3736    i.Node1             nodes.o
    0x08001e38   0x08001e38   0x000004a0   Code   RO         3737    i.Node2             nodes.o
    0x080022d8   0x080022d8   0x00000080   Code   RO         3407    i.NodeMesTransmit   can_config.o
    0x08002358   0x08002358   0x00000020   Code   RO          629    i.RCC_APB1PeriphClockCmd  stm32f10x_rcc.o
    0x08002378   0x08002378   0x00000020   Code   RO          630    i.RCC_APB1PeriphResetCmd  stm32f10x_rcc.o
    0x08002398   0x08002398   0x00000020   Code   RO          631    i.RCC_APB2PeriphClockCmd  stm32f10x_rcc.o
    0x080023b8   0x080023b8   0x000000d4   Code   RO          639    i.RCC_GetClocksFreq  stm32f10x_rcc.o
    0x0800248c   0x0800248c   0x000000c8   Code   RO         3600    i.ReiceiveSM        ttcan.o
    0x08002554   0x08002554   0x000000f8   Code   RO         3601    i.SOS_ID            ttcan.o
    0x0800264c   0x0800264c   0x0000011c   Code   RO         3602    i.SendMatrix        ttcan.o
    0x08002768   0x08002768   0x000000b4   Code   RO         3408    i.SendRef           can_config.o
    0x0800281c   0x0800281c   0x00000008   Code   RO         3281    i.SetSysClock       system_stm32f10x.o
    0x08002824   0x08002824   0x000000e0   Code   RO         3282    i.SetSysClockTo72   system_stm32f10x.o
    0x08002904   0x08002904   0x00000028   Code   RO          307    i.SysTick_CLKSourceConfig  misc.o
    0x0800292c   0x0800292c   0x00000010   Code   RO         3811    i.SysTick_Handler   delay.o
    0x0800293c   0x0800293c   0x00000060   Code   RO         3284    i.SystemInit        system_stm32f10x.o
    0x0800299c   0x0800299c   0x00000080   Code   RO         2485    i.TI1_Config        stm32f10x_tim.o
    0x08002a1c   0x08002a1c   0x00000098   Code   RO         2486    i.TI2_Config        stm32f10x_tim.o
    0x08002ab4   0x08002ab4   0x00000090   Code   RO         2487    i.TI3_Config        stm32f10x_tim.o
    0x08002b44   0x08002b44   0x00000098   Code   RO         2488    i.TI4_Config        stm32f10x_tim.o
    0x08002bdc   0x08002bdc   0x00000068   Code   RO         3459    i.TIM1_Int_Init     timer.o
    0x08002c44   0x08002c44   0x00000068   Code   RO         3460    i.TIM1_UP_IRQHandler  timer.o
    0x08002cac   0x08002cac   0x00000048   Code   RO         3461    i.TIM2_IRQHandler   timer.o
    0x08002cf4   0x08002cf4   0x00000064   Code   RO         3462    i.TIM2_Int_Init     timer.o
    0x08002d58   0x08002d58   0x00000098   Code   RO         3463    i.TIM3_IRQHandler   timer.o
    0x08002df0   0x08002df0   0x00000064   Code   RO         3464    i.TIM3_Int_Init     timer.o
    0x08002e54   0x08002e54   0x000000b8   Code   RO         3465    i.TIM4_EncoderMode_Config  timer.o
    0x08002f0c   0x08002f0c   0x00000050   Code   RO         3466    i.TIM4_IRQHandler   timer.o
    0x08002f5c   0x08002f5c   0x00000088   Code   RO         3468    i.TIM4_PWM_Init     timer.o
    0x08002fe4   0x08002fe4   0x00000006   Code   RO         2496    i.TIM_ClearITPendingBit  stm32f10x_tim.o
    0x08002fea   0x08002fea   0x00000018   Code   RO         2501    i.TIM_Cmd           stm32f10x_tim.o
    0x08003002   0x08003002   0x00000042   Code   RO         2510    i.TIM_EncoderInterfaceConfig  stm32f10x_tim.o
    0x08003044   0x08003044   0x00000022   Code   RO         2522    i.TIM_GetITStatus   stm32f10x_tim.o
    0x08003066   0x08003066   0x00000002   PAD
    0x08003068   0x08003068   0x000000ac   Code   RO         2524    i.TIM_ICInit        stm32f10x_tim.o
    0x08003114   0x08003114   0x00000012   Code   RO         2525    i.TIM_ICStructInit  stm32f10x_tim.o
    0x08003126   0x08003126   0x00000012   Code   RO         2526    i.TIM_ITConfig      stm32f10x_tim.o
    0x08003138   0x08003138   0x000000a4   Code   RO         2535    i.TIM_OC2Init       stm32f10x_tim.o
    0x080031dc   0x080031dc   0x0000001a   Code   RO         2538    i.TIM_OC2PreloadConfig  stm32f10x_tim.o
    0x080031f6   0x080031f6   0x00000004   Code   RO         2566    i.TIM_SetCounter    stm32f10x_tim.o
    0x080031fa   0x080031fa   0x00000012   Code   RO         2567    i.TIM_SetIC1Prescaler  stm32f10x_tim.o
    0x0800320c   0x0800320c   0x0000001a   Code   RO         2568    i.TIM_SetIC2Prescaler  stm32f10x_tim.o
    0x08003226   0x08003226   0x00000012   Code   RO         2569    i.TIM_SetIC3Prescaler  stm32f10x_tim.o
    0x08003238   0x08003238   0x0000001a   Code   RO         2570    i.TIM_SetIC4Prescaler  stm32f10x_tim.o
    0x08003252   0x08003252   0x00000002   PAD
    0x08003254   0x08003254   0x000000a4   Code   RO         2572    i.TIM_TimeBaseInit  stm32f10x_tim.o
    0x080032f8   0x080032f8   0x00000012   Code   RO         2573    i.TIM_TimeBaseStructInit  stm32f10x_tim.o
    0x0800330a   0x0800330a   0x00000002   PAD
    0x0800330c   0x0800330c   0x00000158   Code   RO         3469    i.TSpeed            timer.o
    0x08003464   0x08003464   0x0000002a   Code   RO            1    i.TTCAN_task        main.o
    0x0800348e   0x0800348e   0x00000002   PAD
    0x08003490   0x08003490   0x00000030   Code   RO            2    i.Task2             main.o
    0x080034c0   0x080034c0   0x00000024   Code   RO            3    i.Task3             main.o
    0x080034e4   0x080034e4   0x00000058   Code   RO         3604    i.TimerSlotSet      ttcan.o
    0x0800353c   0x0800353c   0x00000180   Code   RO         3605    i.TriggerTimValAndTimes  ttcan.o
    0x080036bc   0x080036bc   0x00000014   Code   RO         4892    i.TzCtrl            trckernelport.o
    0x080036d0   0x080036d0   0x00000088   Code   RO         3325    i.USART1_IRQHandler  usart.o
    0x08003758   0x08003758   0x00000018   Code   RO         3037    i.USART_Cmd         stm32f10x_usart.o
    0x08003770   0x08003770   0x00000054   Code   RO         3041    i.USART_GetITStatus  stm32f10x_usart.o
    0x080037c4   0x080037c4   0x0000004a   Code   RO         3043    i.USART_ITConfig    stm32f10x_usart.o
    0x0800380e   0x0800380e   0x00000002   PAD
    0x08003810   0x08003810   0x000000d8   Code   RO         3044    i.USART_Init        stm32f10x_usart.o
    0x080038e8   0x080038e8   0x0000000a   Code   RO         3051    i.USART_ReceiveData  stm32f10x_usart.o
    0x080038f2   0x080038f2   0x00000002   PAD
    0x080038f4   0x080038f4   0x000000a0   Code   RO          201    i.USB_LP_CAN1_RX0_IRQHandler  stm32f10x_it.o
    0x08003994   0x08003994   0x00000004   Code   RO          202    i.UsageFault_Handler  stm32f10x_it.o
    0x08003998   0x08003998   0x0000008c   Code   RO         3686    i.WheelSpeed        ttcan_mes.o
    0x08003a24   0x08003a24   0x00000020   Code   RO         5762    i.__0printf         mc_w.l(printfa.o)
    0x08003a44   0x08003a44   0x00000028   Code   RO         5838    i.__ARM_fpclassify  m_ws.l(fpclassify.o)
    0x08003a6c   0x08003a6c   0x00000006   Code   RO         5052    i.__get_PRIMASK     trcsnapshotrecorder.o
    0x08003a72   0x08003a72   0x000000aa   Code   RO         5840    i.__kernel_poly     m_ws.l(poly.o)
    0x08003b1c   0x08003b1c   0x00000010   Code   RO         5824    i.__mathlib_dbl_divzero  m_ws.l(dunder.o)
    0x08003b2c   0x08003b2c   0x00000004   Code   RO         5826    i.__mathlib_dbl_infnan2  m_ws.l(dunder.o)
    0x08003b30   0x08003b30   0x0000000c   Code   RO         5827    i.__mathlib_dbl_invalid  m_ws.l(dunder.o)
    0x08003b3c   0x08003b3c   0x0000000e   Code   RO         5828    i.__mathlib_dbl_overflow  m_ws.l(dunder.o)
    0x08003b4a   0x08003b4a   0x00000002   PAD
    0x08003b4c   0x08003b4c   0x00000010   Code   RO         5830    i.__mathlib_dbl_underflow  m_ws.l(dunder.o)
    0x08003b5c   0x08003b5c   0x0000000e   Code   RO         5891    i.__scatterload_copy  mc_w.l(handlers.o)
    0x08003b6a   0x08003b6a   0x00000002   Code   RO         5892    i.__scatterload_null  mc_w.l(handlers.o)
    0x08003b6c   0x08003b6c   0x0000000e   Code   RO         5893    i.__scatterload_zeroinit  mc_w.l(handlers.o)
    0x08003b7a   0x08003b7a   0x00000006   Code   RO         5053    i.__set_PRIMASK     trcsnapshotrecorder.o
    0x08003b80   0x08003b80   0x0000000c   Code   RO         5871    i.__set_errno       mc_w.l(errno.o)
    0x08003b8c   0x08003b8c   0x00000184   Code   RO         5769    i._fp_digits        mc_w.l(printfa.o)
    0x08003d10   0x08003d10   0x000006b4   Code   RO         5770    i._printf_core      mc_w.l(printfa.o)
    0x080043c4   0x080043c4   0x00000024   Code   RO         5771    i._printf_post_padding  mc_w.l(printfa.o)
    0x080043e8   0x080043e8   0x0000002e   Code   RO         5772    i._printf_pre_padding  mc_w.l(printfa.o)
    0x08004416   0x08004416   0x00000002   PAD
    0x08004418   0x08004418   0x00000058   Code   RO         3606    i.arb_start_sending  ttcan.o
    0x08004470   0x08004470   0x0000001a   Code   RO         3607    i.build_exclusive_arbitration_window  ttcan.o
    0x0800448a   0x0800448a   0x00000002   PAD
    0x0800448c   0x0800448c   0x0000005c   Code   RO         3812    i.delay_init        delay.o
    0x080044e8   0x080044e8   0x00000040   Code   RO         3813    i.delay_ms          delay.o
    0x08004528   0x08004528   0x00000048   Code   RO         3814    i.delay_us          delay.o
    0x08004570   0x08004570   0x0000004c   Code   RO         3608    i.find_BC_inPSA     ttcan.o
    0x080045bc   0x080045bc   0x0000001c   Code   RO         3327    i.fputc             usart.o
    0x080045d8   0x080045d8   0x00000020   Code   RO         3609    i.last_column_is_arbitration  ttcan.o
    0x080045f8   0x080045f8   0x00000064   Code   RO            4    i.main              main.o
    0x0800465c   0x0800465c   0x000000e0   Code   RO         3687    i.message1          ttcan_mes.o
    0x0800473c   0x0800473c   0x000000e8   Code   RO         3688    i.message2          ttcan_mes.o
    0x08004824   0x08004824   0x00000094   Code   RO         3689    i.message3          ttcan_mes.o
    0x080048b8   0x080048b8   0x000000e8   Code   RO         3690    i.message5          ttcan_mes.o
    0x080049a0   0x080049a0   0x000000ec   Code   RO         3691    i.message6          ttcan_mes.o
    0x08004a8c   0x08004a8c   0x000009d8   Code   RO         5497    i.pow               m_ws.l(pow.o)
    0x08005464   0x08005464   0x00000098   Code   RO         4252    i.prvAddCurrentTaskToDelayedList  tasks.o
    0x080054fc   0x080054fc   0x0000017c   Code   RO         4253    i.prvAddNewTaskToReadyList  tasks.o
    0x08005678   0x08005678   0x00000048   Code   RO         5054    i.prvAddTaskToStackMonitor  trcsnapshotrecorder.o
    0x080056c0   0x080056c0   0x000000bc   Code   RO         5055    i.prvCheckDataToBeOverwrittenForMultiEntryEvents  trcsnapshotrecorder.o
    0x0800577c   0x0800577c   0x00000064   Code   RO         4636    i.prvCheckForValidListAndQueue  timers.o
    0x080057e0   0x080057e0   0x00000064   Code   RO         4254    i.prvCheckTasksWaitingTermination  tasks.o
    0x08005844   0x08005844   0x0000002a   Code   RO         4011    i.prvCopyDataFromQueue  queue.o
    0x0800586e   0x0800586e   0x0000007c   Code   RO         4012    i.prvCopyDataToQueue  queue.o
    0x080058ea   0x080058ea   0x00000012   Code   RO         4255    i.prvDeleteTCB      tasks.o
    0x080058fc   0x080058fc   0x00000028   Code   RO         4637    i.prvGetNextExpireTime  timers.o
    0x08005924   0x08005924   0x0000007c   Code   RO         4843    i.prvHeapInit       heap_4.o
    0x080059a0   0x080059a0   0x00000028   Code   RO         4256    i.prvIdleTask       tasks.o
    0x080059c8   0x080059c8   0x000000f0   Code   RO         4014    i.prvInitialiseNewQueue  queue.o
    0x08005ab8   0x08005ab8   0x000000d0   Code   RO         4257    i.prvInitialiseNewTask  tasks.o
    0x08005b88   0x08005b88   0x00000068   Code   RO         4258    i.prvInitialiseTaskLists  tasks.o
    0x08005bf0   0x08005bf0   0x00000068   Code   RO         4844    i.prvInsertBlockIntoFreeList  heap_4.o
    0x08005c58   0x08005c58   0x00000058   Code   RO         4639    i.prvInsertTimerInActiveList  timers.o
    0x08005cb0   0x08005cb0   0x0000001a   Code   RO         4015    i.prvIsQueueEmpty   queue.o
    0x08005cca   0x08005cca   0x0000001e   Code   RO         4016    i.prvIsQueueFull    queue.o
    0x08005ce8   0x08005ce8   0x00000020   Code   RO         5056    i.prvMarkObjectAsUsed  trcsnapshotrecorder.o
    0x08005d08   0x08005d08   0x00000138   Code   RO         4017    i.prvNotifyQueueSetContainer  queue.o
    0x08005e40   0x08005e40   0x000000b0   Code   RO         4640    i.prvProcessExpiredTimer  timers.o
    0x08005ef0   0x08005ef0   0x0000015c   Code   RO         4641    i.prvProcessReceivedCommands  timers.o
    0x0800604c   0x0800604c   0x00000074   Code   RO         4642    i.prvProcessTimerOrBlockTask  timers.o
    0x080060c0   0x080060c0   0x0000002c   Code   RO         5057    i.prvRemoveTaskFromStackMonitor  trcsnapshotrecorder.o
    0x080060ec   0x080060ec   0x0000009c   Code   RO         5058    i.prvReportStackUsage  trcsnapshotrecorder.o
    0x08006188   0x08006188   0x00000034   Code   RO         4260    i.prvResetNextTaskUnblockTime  tasks.o
    0x080061bc   0x080061bc   0x0000002c   Code   RO         4643    i.prvSampleTimeNow  timers.o
    0x080061e8   0x080061e8   0x0000001c   Code   RO         5059    i.prvStrncpy        trcsnapshotrecorder.o
    0x08006204   0x08006204   0x000000e8   Code   RO         4644    i.prvSwitchTimerLists  timers.o
    0x080062ec   0x080062ec   0x00000016   Code   RO         4262    i.prvTaskCheckFreeStackSpace  tasks.o
    0x08006302   0x08006302   0x00000002   PAD
    0x08006304   0x08006304   0x00000070   Code   RO         4767    i.prvTaskExitError  port.o
    0x08006374   0x08006374   0x0000001a   Code   RO         4645    i.prvTimerTask      timers.o
    0x0800638e   0x0800638e   0x00000002   PAD
    0x08006390   0x08006390   0x0000011c   Code   RO         5060    i.prvTraceCreateSymbolTableEntry  trcsnapshotrecorder.o
    0x080064ac   0x080064ac   0x00000044   Code   RO         5061    i.prvTraceError     trcsnapshotrecorder.o
    0x080064f0   0x080064f0   0x00000070   Code   RO         5062    i.prvTraceFreeObjectHandle  trcsnapshotrecorder.o
    0x08006560   0x08006560   0x00000020   Code   RO         5063    i.prvTraceGetChecksum  trcsnapshotrecorder.o
    0x08006580   0x08006580   0x00000008   Code   RO         4893    i.prvTraceGetCurrentTaskHandle  trckernelport.o
    0x08006588   0x08006588   0x00000170   Code   RO         5064    i.prvTraceGetDTS    trcsnapshotrecorder.o
    0x080066f8   0x080066f8   0x000000cc   Code   RO         5065    i.prvTraceGetObjectHandle  trcsnapshotrecorder.o
    0x080067c4   0x080067c4   0x00000028   Code   RO         5066    i.prvTraceGetObjectState  trcsnapshotrecorder.o
    0x080067ec   0x080067ec   0x00000040   Code   RO         5067    i.prvTraceGetParam  trcsnapshotrecorder.o
    0x0800682c   0x0800682c   0x0000002c   Code   RO         5068    i.prvTraceGetPriorityProperty  trcsnapshotrecorder.o
    0x08006858   0x08006858   0x0000000c   Code   RO         4894    i.prvTraceGetQueueNumber  trckernelport.o
    0x08006864   0x08006864   0x00000014   Code   RO         4895    i.prvTraceGetQueueNumberHigh16  trckernelport.o
    0x08006878   0x08006878   0x0000000e   Code   RO         4896    i.prvTraceGetQueueNumberLow16  trckernelport.o
    0x08006886   0x08006886   0x0000000c   Code   RO         4897    i.prvTraceGetQueueType  trckernelport.o
    0x08006892   0x08006892   0x00000014   Code   RO         4898    i.prvTraceGetTaskNumberHigh16  trckernelport.o
    0x080068a6   0x080068a6   0x0000000e   Code   RO         4899    i.prvTraceGetTaskNumberLow16  trckernelport.o
    0x080068b4   0x080068b4   0x00000014   Code   RO         5069    i.prvTraceInitTimestamps  trcsnapshotrecorder.o
    0x080068c8   0x080068c8   0x00000094   Code   RO         5070    i.prvTraceLookupSymbolTableEntry  trcsnapshotrecorder.o
    0x0800695c   0x0800695c   0x00000064   Code   RO         5071    i.prvTraceNextFreeEventBufferSlot  trcsnapshotrecorder.o
    0x080069c0   0x080069c0   0x00000070   Code   RO         5072    i.prvTraceOpenSymbol  trcsnapshotrecorder.o
    0x08006a30   0x08006a30   0x00000064   Code   RO         5073    i.prvTracePortGetTimeStamp  trcsnapshotrecorder.o
    0x08006a94   0x08006a94   0x000000e0   Code   RO         5074    i.prvTraceSetObjectName  trcsnapshotrecorder.o
    0x08006b74   0x08006b74   0x0000002c   Code   RO         5075    i.prvTraceSetObjectState  trcsnapshotrecorder.o
    0x08006ba0   0x08006ba0   0x0000002c   Code   RO         5076    i.prvTraceSetPriorityProperty  trcsnapshotrecorder.o
    0x08006bcc   0x08006bcc   0x0000001c   Code   RO         4900    i.prvTraceSetQueueNumberHigh16  trckernelport.o
    0x08006be8   0x08006be8   0x0000001e   Code   RO         4901    i.prvTraceSetQueueNumberLow16  trckernelport.o
    0x08006c06   0x08006c06   0x00000002   PAD
    0x08006c08   0x08006c08   0x00000028   Code   RO         5078    i.prvTraceSetTaskInstanceFinished  trcsnapshotrecorder.o
    0x08006c30   0x08006c30   0x0000001c   Code   RO         4902    i.prvTraceSetTaskNumberHigh16  trckernelport.o
    0x08006c4c   0x08006c4c   0x0000001e   Code   RO         4903    i.prvTraceSetTaskNumberLow16  trckernelport.o
    0x08006c6a   0x08006c6a   0x00000002   PAD
    0x08006c6c   0x08006c6c   0x00000098   Code   RO         5079    i.prvTraceStart     trcsnapshotrecorder.o
    0x08006d04   0x08006d04   0x00000028   Code   RO         5080    i.prvTraceStop      trcsnapshotrecorder.o
    0x08006d2c   0x08006d2c   0x000000bc   Code   RO         5081    i.prvTraceStoreKernelCall  trcsnapshotrecorder.o
    0x08006de8   0x08006de8   0x000000c4   Code   RO         5082    i.prvTraceStoreKernelCallWithNumericParamOnly  trcsnapshotrecorder.o
    0x08006eac   0x08006eac   0x000000cc   Code   RO         5083    i.prvTraceStoreKernelCallWithParam  trcsnapshotrecorder.o
    0x08006f78   0x08006f78   0x00000054   Code   RO         5085    i.prvTraceStoreObjectNameOnCloseEvent  trcsnapshotrecorder.o
    0x08006fcc   0x08006fcc   0x0000006c   Code   RO         5086    i.prvTraceStoreObjectPropertiesOnCloseEvent  trcsnapshotrecorder.o
    0x08007038   0x08007038   0x000000b8   Code   RO         5087    i.prvTraceStoreTaskReady  trcsnapshotrecorder.o
    0x080070f0   0x080070f0   0x0000009c   Code   RO         5088    i.prvTraceStoreTaskswitch  trcsnapshotrecorder.o
    0x0800718c   0x0800718c   0x00000054   Code   RO         5090    i.prvTraceUpdateCounters  trcsnapshotrecorder.o
    0x080071e0   0x080071e0   0x00000092   Code   RO         4018    i.prvUnlockQueue    queue.o
    0x08007272   0x08007272   0x00000002   PAD
    0x08007274   0x08007274   0x00000090   Code   RO         4904    i.pszTraceGetErrorNotEnoughHandles  trckernelport.o
    0x08007304   0x08007304   0x00000170   Code   RO         4845    i.pvPortMalloc      heap_4.o
    0x08007474   0x08007474   0x00000020   Code   RO         4265    i.pvTaskIncrementMutexHeldCount  tasks.o
    0x08007494   0x08007494   0x00000024   Code   RO         4768    i.pxPortInitialiseStack  port.o
    0x080074b8   0x080074b8   0x0000004c   Code   RO         5507    i.sqrt              m_ws.l(sqrt.o)
    0x08007504   0x08007504   0x0000009c   Code   RO            5    i.start_task        main.o
    0x080075a0   0x080075a0   0x00000480   Code   RO         3788    i.state_test        speed.o
    0x08007a20   0x08007a20   0x000000a0   Code   RO         3328    i.uart_init         usart.o
    0x08007ac0   0x08007ac0   0x00000008   Code   RO         4019    i.ucQueueGetQueueType  queue.o
    0x08007ac8   0x08007ac8   0x00000088   Code   RO         5092    i.uiIndexOfObject   trcsnapshotrecorder.o
    0x08007b50   0x08007b50   0x00000028   Code   RO         3973    i.uxListRemove      list.o
    0x08007b78   0x08007b78   0x00000006   Code   RO         4020    i.uxQueueGetQueueNumber  queue.o
    0x08007b7e   0x08007b7e   0x00000002   PAD
    0x08007b80   0x08007b80   0x00000028   Code   RO         4268    i.uxTaskGetStackHighWaterMark  tasks.o
    0x08007ba8   0x08007ba8   0x0000000e   Code   RO         4270    i.uxTaskGetTaskNumber  tasks.o
    0x08007bb6   0x08007bb6   0x0000001a   Code   RO         3974    i.vListInitialise   list.o
    0x08007bd0   0x08007bd0   0x00000006   Code   RO         3975    i.vListInitialiseItem  list.o
    0x08007bd6   0x08007bd6   0x00000034   Code   RO         3976    i.vListInsert       list.o
    0x08007c0a   0x08007c0a   0x00000018   Code   RO         3977    i.vListInsertEnd    list.o
    0x08007c22   0x08007c22   0x00000002   PAD
    0x08007c24   0x08007c24   0x00000088   Code   RO         4770    i.vPortEnterCritical  port.o
    0x08007cac   0x08007cac   0x00000070   Code   RO         4771    i.vPortExitCritical  port.o
    0x08007d1c   0x08007d1c   0x000000c4   Code   RO         4846    i.vPortFree         heap_4.o
    0x08007de0   0x08007de0   0x00000020   Code   RO         4772    i.vPortSetupTimerInterrupt  port.o
    0x08007e00   0x08007e00   0x000000a0   Code   RO         4773    i.vPortValidateInterruptPriority  port.o
    0x08007ea0   0x08007ea0   0x00000054   Code   RO         4024    i.vQueueAddToRegistry  queue.o
    0x08007ef4   0x08007ef4   0x00000004   Code   RO         4026    i.vQueueSetQueueNumber  queue.o
    0x08007ef8   0x08007ef8   0x0000004a   Code   RO         4028    i.vQueueWaitForMessageRestricted  queue.o
    0x08007f42   0x08007f42   0x00000002   PAD
    0x08007f44   0x08007f44   0x000000d0   Code   RO         4274    i.vTaskDelay        tasks.o
    0x08008014   0x08008014   0x00000134   Code   RO         4275    i.vTaskDelayUntil   tasks.o
    0x08008148   0x08008148   0x000001c0   Code   RO         4276    i.vTaskDelete       tasks.o
    0x08008308   0x08008308   0x0000000c   Code   RO         4281    i.vTaskMissedYield  tasks.o
    0x08008314   0x08008314   0x00000054   Code   RO         4283    i.vTaskPlaceOnEventList  tasks.o
    0x08008368   0x08008368   0x000000b8   Code   RO         4284    i.vTaskPlaceOnEventListRestricted  tasks.o
    0x08008420   0x08008420   0x00000128   Code   RO         4286    i.vTaskPriorityInherit  tasks.o
    0x08008548   0x08008548   0x00000008   Code   RO         4289    i.vTaskSetTaskNumber  tasks.o
    0x08008550   0x08008550   0x0000004c   Code   RO         4290    i.vTaskSetTimeOutState  tasks.o
    0x0800859c   0x0800859c   0x000000b0   Code   RO         4291    i.vTaskStartScheduler  tasks.o
    0x0800864c   0x0800864c   0x00000010   Code   RO         4293    i.vTaskSuspendAll   tasks.o
    0x0800865c   0x0800865c   0x00000120   Code   RO         4294    i.vTaskSwitchContext  tasks.o
    0x0800877c   0x0800877c   0x000000e8   Code   RO         5100    i.vTraceStoreMemMangEvent  trcsnapshotrecorder.o
    0x08008864   0x08008864   0x000000a0   Code   RO         4774    i.xPortStartScheduler  port.o
    0x08008904   0x08008904   0x00000034   Code   RO         4775    i.xPortSysTickHandler  port.o
    0x08008938   0x08008938   0x00000074   Code   RO         4033    i.xQueueGenericCreate  queue.o
    0x080089ac   0x080089ac   0x00000550   Code   RO         4034    i.xQueueGenericReceive  queue.o
    0x08008efc   0x08008efc   0x000000b0   Code   RO         4035    i.xQueueGenericReset  queue.o
    0x08008fac   0x08008fac   0x00000360   Code   RO         4036    i.xQueueGenericSend  queue.o
    0x0800930c   0x0800930c   0x000001c0   Code   RO         4037    i.xQueueGenericSendFromISR  queue.o
    0x080094cc   0x080094cc   0x000000a0   Code   RO         4295    i.xTaskCheckForTimeOut  tasks.o
    0x0800956c   0x0800956c   0x00000060   Code   RO         4296    i.xTaskCreate       tasks.o
    0x080095cc   0x080095cc   0x0000000c   Code   RO         4299    i.xTaskGetCurrentTaskHandle  tasks.o
    0x080095d8   0x080095d8   0x00000020   Code   RO         4301    i.xTaskGetSchedulerState  tasks.o
    0x080095f8   0x080095f8   0x0000000c   Code   RO         4302    i.xTaskGetTickCount  tasks.o
    0x08009604   0x08009604   0x000001b4   Code   RO         4304    i.xTaskIncrementTick  tasks.o
    0x080097b8   0x080097b8   0x00000150   Code   RO         4307    i.xTaskPriorityDisinherit  tasks.o
    0x08009908   0x08009908   0x000000d8   Code   RO         4308    i.xTaskRemoveFromEventList  tasks.o
    0x080099e0   0x080099e0   0x00000140   Code   RO         4310    i.xTaskResumeAll    tasks.o
    0x08009b20   0x08009b20   0x00000074   Code   RO         4649    i.xTimerCreateTimerTask  timers.o
    0x08009b94   0x08009b94   0x0000019c   Code   RO         4650    i.xTimerGenericCommand  timers.o
    0x08009d30   0x08009d30   0x0000000a   Code   RO         5104    i.xTraceDisable     trcsnapshotrecorder.o
    0x08009d3a   0x08009d3a   0x00000002   PAD
    0x08009d3c   0x08009d3c   0x000000c4   Code   RO         5105    i.xTraceEnable      trcsnapshotrecorder.o
    0x08009e00   0x08009e00   0x000000b4   Code   RO         5109    i.xTraceHardwarePortInitCortexM  trcsnapshotrecorder.o
    0x08009eb4   0x08009eb4   0x00000278   Code   RO         5113    i.xTraceInitialize  trcsnapshotrecorder.o
    0x0800a12c   0x0800a12c   0x00000024   Code   RO         5114    i.xTraceIsRecorderEnabled  trcsnapshotrecorder.o
    0x0800a150   0x0800a150   0x00000030   Code   RO         4910    i.xTraceKernelPortEnable  trckernelport.o
    0x0800a180   0x0800a180   0x00000012   Code   RO         4911    i.xTraceKernelPortGetUnusedStack  trckernelport.o
    0x0800a192   0x0800a192   0x00000002   PAD
    0x0800a194   0x0800a194   0x00000094   Code   RO         4912    i.xTraceKernelPortInitObjectHandleStack  trckernelport.o
    0x0800a228   0x0800a228   0x0000016c   Code   RO         4913    i.xTraceKernelPortInitObjectPropertyTable  trckernelport.o
    0x0800a394   0x0800a394   0x00000006   Code   RO         4914    i.xTraceKernelPortInitialize  trckernelport.o
    0x0800a39a   0x0800a39a   0x00000006   PAD
    0x0800a3a0   0x0800a3a0   0x00000088   Data   RO         5498    .constdata          m_ws.l(pow.o)
    0x0800a428   0x0800a428   0x00000008   Data   RO         5842    .constdata          m_ws.l(qnan.o)
    0x0800a430   0x0800a430   0x0000028c   Data   RO         3738    .conststring        nodes.o
    0x0800a6bc   0x0800a6bc   0x000002ce   Data   RO         4916    .conststring        trckernelport.o
    0x0800a98a   0x0800a98a   0x00000002   PAD
    0x0800a98c   0x0800a98c   0x00000045   Data   RO         5125    .conststring        trcsnapshotrecorder.o
    0x0800a9d1   0x0800a9d1   0x00000003   PAD
    0x0800a9d4   0x0800a9d4   0x00000020   Data   RO         5889    Region$$Table       anon$$obj.o


    Execution Region RW_IRAM1 (Exec base: 0x20000000, Load base: 0x0800a9f4, Size: 0x00004e30, Max: 0x00010000, ABSOLUTE, COMPRESSED[0x000000a8])

    Exec Addr    Load Addr    Size         Type   Attr      Idx    E Section Name        Object

    0x20000000   COMPRESSED   0x00000014   Data   RW            6    .data               main.o
    0x20000014   COMPRESSED   0x00000022   Data   RW          203    .data               stm32f10x_it.o
    0x20000036   COMPRESSED   0x00000014   Data   RW          659    .data               stm32f10x_rcc.o
    0x2000004a   COMPRESSED   0x00000002   PAD
    0x2000004c   COMPRESSED   0x00000014   Data   RW         3285    .data               system_stm32f10x.o
    0x20000060   COMPRESSED   0x00000006   Data   RW         3330    .data               usart.o
    0x20000066   COMPRESSED   0x00000002   PAD
    0x20000068   COMPRESSED   0x00000020   Data   RW         3409    .data               can_config.o
    0x20000088   COMPRESSED   0x00000028   Data   RW         3472    .data               timer.o
    0x200000b0   COMPRESSED   0x000000b2   Data   RW         3611    .data               ttcan.o
    0x20000162   COMPRESSED   0x00000006   PAD
    0x20000168   COMPRESSED   0x00000031   Data   RW         3692    .data               ttcan_mes.o
    0x20000199   COMPRESSED   0x00000003   PAD
    0x2000019c   COMPRESSED   0x0000009c   Data   RW         3739    .data               nodes.o
    0x20000238   COMPRESSED   0x00000008   Data   RW         3789    .data               speed.o
    0x20000240   COMPRESSED   0x00000004   Data   RW         3816    .data               delay.o
    0x20000244   COMPRESSED   0x00000044   Data   RW         4313    .data               tasks.o
    0x20000288   COMPRESSED   0x00000014   Data   RW         4658    .data               timers.o
    0x2000029c   COMPRESSED   0x0000000c   Data   RW         4776    .data               port.o
    0x200002a8   COMPRESSED   0x00000018   Data   RW         4851    .data               heap_4.o
    0x200002c0   COMPRESSED   0x0000000d   Data   RW         4917    .data               trckernelport.o
    0x200002cd   COMPRESSED   0x00000003   PAD
    0x200002d0   COMPRESSED   0x00000068   Data   RW         5126    .data               trcsnapshotrecorder.o
    0x20000338   COMPRESSED   0x00000004   Data   RW         5872    .data               mc_w.l(errno.o)
    0x2000033c        -       0x000000c8   Zero   RW         3329    .bss                usart.o
    0x20000404        -       0x000000fc   Zero   RW         3610    .bss                ttcan.o
    0x20000500        -       0x00000040   Zero   RW         4048    .bss                queue.o
    0x20000540        -       0x000002e4   Zero   RW         4312    .bss                tasks.o
    0x20000824        -       0x00000028   Zero   RW         4657    .bss                timers.o
    0x2000084c        -       0x00002800   Zero   RW         4850    .bss                heap_4.o
    0x2000304c        -       0x000019e4   Zero   RW         5124    .bss                trcsnapshotrecorder.o
    0x20004a30        -       0x00000400   Zero   RW         3315    STACK               startup_stm32f10x_hd.o


==============================================================================

Image component sizes


      Code (inc. data)   RO Data    RW Data    ZI Data      Debug   Object Name

       752         90          0         32          0       5113   can_config.o
         0          0          0          0          0         32   core_cm3.o
       244         26          0          4          0       2385   delay.o
         0          0          0          0          0      25495   event_groups.o
       792        176          0         24      10240       3907   heap_4.o
       136         16          0          0          0        523   led.o
       148          0          0          0          0       3094   list.o
       382        110          0         20          0     289589   main.o
       172         22          0          0          0       2277   misc.o
      2892        932        652        156          0       8328   nodes.o
       950        320          0         12          0      10241   port.o
      4060        302          0          0         64      17294   queue.o
      1152        128          0          8          0       1132   speed.o
        36          8        304          0       1024        912   startup_stm32f10x_hd.o
      1550         18          0          0          0       7793   stm32f10x_can.o
       302          0          0          0          0       3826   stm32f10x_gpio.o
       268         70          0         34          0       4933   stm32f10x_it.o
       308         38          0         20          0       5307   stm32f10x_rcc.o
      1378        160          0          0          0      14334   stm32f10x_tim.o
       408          6          0          0          0       5322   stm32f10x_usart.o
       328         28          0         20          0       2241   system_stm32f10x.o
      4886       1024          0         68        740      33189   tasks.o
      1392        290          0         40          0       7505   timer.o
      1698        326          0         20         40       8611   timers.o
       964        122        718         13          0      50969   trckernelport.o
      5398       1138         69        104       6628      87566   trcsnapshotrecorder.o
      1500        276          0        178        252       9981   ttcan.o
      1212        314          0         49          0       4364   ttcan_mes.o
       508         34          0          6        200       5293   usart.o

    ----------------------------------------------------------------------
     33866       5974       1780        824      19188     621556   Object Totals
         0          0         32          0          0          0   (incl. Generated)
        50          0          5         16          0          0   (incl. Padding)

    ----------------------------------------------------------------------

      Code (inc. data)   RO Data    RW Data    ZI Data      Debug   Library Member Name

        62         10          0          0          0        340   dunder.o
        40          0          0          0          0         68   fpclassify.o
       170          0          0          0          0         96   poly.o
      2520        190        136          0          0        324   pow.o
         0          0          8          0          0          0   qnan.o
        76          0          0          0          0         84   sqrt.o
        86          0          0          0          0          0   __dczerorl2.o
         0          0          0          0          0          0   entry.o
         0          0          0          0          0          0   entry10a.o
         0          0          0          0          0          0   entry11a.o
         4          0          0          0          0          0   entry12b.o
         8          4          0          0          0          0   entry2.o
         4          0          0          0          0          0   entry5.o
         0          0          0          0          0          0   entry7b.o
         0          0          0          0          0          0   entry8b.o
         8          4          0          0          0          0   entry9a.o
        12          6          0          4          0         68   errno.o
        30          0          0          0          0          0   handlers.o
        36          8          0          0          0         68   init.o
         0          0          0          0          0          0   iusefp.o
        30          0          0          0          0         68   llshl.o
        36          0          0          0          0         68   llsshr.o
        32          0          0          0          0         68   llushr.o
        36          0          0          0          0         68   memcpya.o
        36          0          0          0          0        108   memseta.o
      2218         90          0          0          0        464   printfa.o
        30          0          0          0          0         80   strncmp.o
        44          0          0          0          0         80   uidiv.o
        98          0          0          0          0         92   uldiv.o
        48          0          0          0          0         68   cdcmple.o
        48          0          0          0          0         68   cdrcmple.o
        20          0          0          0          0         68   cfcmple.o
        20          0          0          0          0         68   cfrcmple.o
        56          0          0          0          0         88   d2f.o
       334          0          0          0          0        148   dadd.o
       222          0          0          0          0        100   ddiv.o
       186          0          0          0          0        176   depilogue.o
        62          0          0          0          0         80   dfixi.o
        50          0          0          0          0         76   dfixui.o
        48          0          0          0          0         68   dfixul.o
        34          0          0          0          0         76   dflti.o
       228          0          0          0          0         96   dmul.o
        46          0          0          0          0         80   dscalb.o
       162          0          0          0          0        100   dsqrt.o
        38          0          0          0          0         68   f2d.o
       176          0          0          0          0        140   fadd.o
       110          0          0          0          0        168   fepilogue.o
        50          0          0          0          0         68   ffixi.o
        40          0          0          0          0         68   ffixui.o
        18          0          0          0          0         68   fflti.o
       100          0          0          0          0         76   fmul.o

    ----------------------------------------------------------------------
      7718        312        144          4          0       4160   Library Totals
         6          0          0          0          0          0   (incl. Padding)

    ----------------------------------------------------------------------

      Code (inc. data)   RO Data    RW Data    ZI Data      Debug   Library Name

      2868        200        144          0          0        912   m_ws.l
      2748        112          0          4          0       1232   mc_w.l
      2096          0          0          0          0       2016   mf_w.l

    ----------------------------------------------------------------------
      7718        312        144          4          0       4160   Library Totals

    ----------------------------------------------------------------------

==============================================================================


      Code (inc. data)   RO Data    RW Data    ZI Data      Debug   

     41584       6286       1924        828      19188     610816   Grand Totals
     41584       6286       1924        168      19188     610816   ELF Image Totals (compressed)
     41584       6286       1924        168          0          0   ROM Totals

==============================================================================

    Total RO  Size (Code + RO Data)                43508 (  42.49kB)
    Total RW  Size (RW Data + ZI Data)             20016 (  19.55kB)
    Total ROM Size (Code + RO Data + RW Data)      43676 (  42.65kB)

==============================================================================

